 volumetric_fog_demo

 Timestamp is 61c28d22 (Tue Dec 21 21:27:46 2021)

 Preferred load address is 0000000140000000

 Start         Length     Name                   Class
 0001:00000000 0003e8f0H .text$mn                CODE
 0001:0003e8f0 00000040H .text$mn$00             CODE
 0001:0003e930 0000076dH .text$x                 CODE
 0002:00000000 00000308H .idata$5                DATA
 0002:00000308 00000018H .00cfg                  DATA
 0002:00000320 00000008H .CRT$XCA                DATA
 0002:00000328 00000008H .CRT$XCAA               DATA
 0002:00000330 00000008H .CRT$XCZ                DATA
 0002:00000338 00000008H .CRT$XIA                DATA
 0002:00000340 00000008H .CRT$XIAA               DATA
 0002:00000348 00000008H .CRT$XIAC               DATA
 0002:00000350 00000020H .CRT$XIC                DATA
 0002:00000370 00000008H .CRT$XIZ                DATA
 0002:00000378 00000008H .CRT$XPA                DATA
 0002:00000380 00000010H .CRT$XPX                DATA
 0002:00000390 00000008H .CRT$XPXA               DATA
 0002:00000398 00000008H .CRT$XPZ                DATA
 0002:000003a0 00000008H .CRT$XTA                DATA
 0002:000003a8 00000008H .CRT$XTZ                DATA
 0002:000003b0 00000000H .gfids$y                DATA
 0002:000003b0 00010860H .rdata                  DATA
 0002:00010c10 0000016cH .rdata$r                DATA
 0002:00010d7c 0000034cH .rdata$zzzdbg           DATA
 0002:000110c8 00000008H .rtc$IAA                DATA
 0002:000110d0 00000008H .rtc$IZZ                DATA
 0002:000110d8 00000008H .rtc$TAA                DATA
 0002:000110e0 00000010H .rtc$TZZ                DATA
 0002:000110f0 00001220H .xdata                  DATA
 0002:00012310 00000084H .xdata$x                DATA
 0002:00012394 00000000H .edata                  DATA
 0002:00012394 00000028H .idata$2                DATA
 0002:000123bc 00000014H .idata$3                DATA
 0002:000123d0 00000308H .idata$4                DATA
 0002:000126d8 000006d0H .idata$6                DATA
 0003:00000000 00000a40H .data                   DATA
 0003:00000a40 00000070H .data$r                 DATA
 0003:00000ab0 000018e0H .bss                    DATA
 0004:00000000 000036d8H .pdata                  DATA
 0005:00000000 000048b0H .gxfg$y                 DATA
 0006:00000000 00000014H .gehcont$y              DATA

  Address         Publics by Value              Rva+Base               Lib:Object

 0000:00000000       __guard_longjmp_count      0000000000000000     <absolute>
 0000:00000000       __guard_iat_table          0000000000000000     <absolute>
 0000:00000000       __volatile_metadata        0000000000000000     <absolute>
 0000:00000000       __guard_fids_count         0000000000000000     <absolute>
 0000:00000000       __hybrid_code_map          0000000000000000     <absolute>
 0000:00000000       __guard_longjmp_table      0000000000000000     <absolute>
 0000:00000000       __hybrid_code_map_count    0000000000000000     <absolute>
 0000:00000000       ___safe_se_handler_count   0000000000000000     <absolute>
 0000:00000000       __enclave_config           0000000000000000     <absolute>
 0000:00000000       ___safe_se_handler_table   0000000000000000     <absolute>
 0000:00000000       __guard_fids_table         0000000000000000     <absolute>
 0000:00000000       __guard_iat_count          0000000000000000     <absolute>
 0000:00000000       __hybrid_auxiliary_iat     0000000000000000     <absolute>
 0000:00000000       __dynamic_value_reloc_table 0000000000000000     <absolute>
 0000:00000100       __guard_flags              0000000000000100     <absolute>
 0000:00000000       __ImageBase                0000000140000000     <linker-defined>
 0001:00000000       WinMain                    0000000140001000 f   win32_main.obj
 0001:00000840       ?V2i@@YA?ATv2i@@HH@Z       0000000140001840 f i win32_main.obj
 0001:00000880       ?Win32GetClock@@YA?AT_LARGE_INTEGER@@XZ 0000000140001880 f i win32_main.obj
 0001:000008a0       ?Win32GetLastFileTime@@YA?AU_FILETIME@@PEAD@Z 00000001400018a0 f i win32_main.obj
 0001:00000910       ?Win32LoadDemoCode@@YAXPEAUprog_demo_code@@@Z 0000000140001910 f i win32_main.obj
 0001:00000b00       __GSHandlerCheck           0000000140001b00 f   LIBCMTD:gshandler.obj
 0001:00000b40       __GSHandlerCheckCommon     0000000140001b40 f   LIBCMTD:gshandler.obj
 0001:00000c50       __security_check_cookie    0000000140001c50 f   LIBCMTD:amdsecgs.obj
 0001:00000f30       ?configure_argv@__scrt_narrow_argv_policy@@SAHXZ 0000000140001f30 f i LIBCMTD:exe_winmain.obj
 0001:00000f50       ?initialize_environment@__scrt_narrow_environment_policy@@SAHXZ 0000000140001f50 f i LIBCMTD:exe_winmain.obj
 0001:00000fa0       ?set_app_type@__scrt_winmain_policy@@SAXXZ 0000000140001fa0 f i LIBCMTD:exe_winmain.obj
 0001:00000fc0       ?set_commode@__scrt_file_policy@@SAXXZ 0000000140001fc0 f i LIBCMTD:exe_winmain.obj
 0001:00000fe0       ?set_fmode@__scrt_file_policy@@SAXXZ 0000000140001fe0 f i LIBCMTD:exe_winmain.obj
 0001:00001000       WinMainCRTStartup          0000000140002000 f   LIBCMTD:exe_winmain.obj
 0001:00001010       __raise_securityfailure    0000000140002010 f   LIBCMTD:gs_report.obj
 0001:00001050       __report_gsfailure         0000000140002050 f   LIBCMTD:gs_report.obj
 0001:00001130       __report_rangecheckfailure 0000000140002130 f   LIBCMTD:gs_report.obj
 0001:00001150       __report_securityfailure   0000000140002150 f   LIBCMTD:gs_report.obj
 0001:00001350       ??$__crt_fast_decode_pointer@PEAP6AXXZ@@YAPEAP6AXXZQEAP6AXXZ@Z 0000000140002350 f i LIBCMTD:utility.obj
 0001:00001350       ??$__crt_fast_decode_pointer@P6AXXZ@@YAP6AXXZQ6AXXZ@Z 0000000140002350 f i libvcruntimed:purevirt.obj
 0001:00001350       ??$__crt_fast_decode_pointer@PEAX@@YAPEAXQEAX@Z 0000000140002350 f i libvcruntimed:winapi_downlevel.obj
 0001:00001390       ??$__crt_fast_encode_pointer@P6AXXZ@@YAP6AXXZQ6AXXZ@Z 0000000140002390 f i libvcruntimed:purevirt_data.obj
 0001:00001390       ??$__crt_fast_encode_pointer@PEAX@@YAPEAXQEAX@Z 0000000140002390 f i libvcruntimed:winapi_downlevel.obj
 0001:00001390       ??$__crt_fast_encode_pointer@PEAP6AXXZ@@YAPEAP6AXXZQEAP6AXXZ@Z 0000000140002390 f i LIBCMTD:utility.obj
 0001:000013d0       ?__crt_rotate_pointer_value@@YA_K_KH@Z 00000001400023d0 f i LIBCMTD:utility.obj
 0001:00001550       NtCurrentTeb               0000000140002550 f i LIBCMTD:utility.obj
 0001:00001560       __scrt_acquire_startup_lock 0000000140002560 f   LIBCMTD:utility.obj
 0001:000015d0       __scrt_initialize_crt      00000001400025d0 f   LIBCMTD:utility.obj
 0001:00001620       __scrt_initialize_onexit_tables 0000000140002620 f   LIBCMTD:utility.obj
 0001:00001730       __scrt_is_nonwritable_in_current_image 0000000140002730 f   LIBCMTD:utility.obj
 0001:000017c0       __scrt_release_startup_lock 00000001400027c0 f   LIBCMTD:utility.obj
 0001:000017f0       __scrt_uninitialize_crt    00000001400027f0 f   LIBCMTD:utility.obj
 0001:00001830       _onexit                    0000000140002830 f   LIBCMTD:utility.obj
 0001:000018c0       atexit                     00000001400028c0 f   LIBCMTD:utility.obj
 0001:000019c0       __security_init_cookie     00000001400029c0 f   LIBCMTD:gs_support.obj
 0001:00001a40       _matherr                   0000000140002a40 f   LIBCMTD:matherr.obj
 0001:00001a50       _get_startup_argv_mode     0000000140002a50 f   LIBCMTD:argv_mode.obj
 0001:00001a60       __scrt_stub_for_initialize_mta 0000000140002a60 f   LIBCMTD:utility_desktop.obj
 0001:00001a60       _get_startup_thread_locale_mode 0000000140002a60 f   LIBCMTD:thread_locale.obj
 0001:00001a60       __scrt_initialize_winrt    0000000140002a60 f   LIBCMTD:utility_desktop.obj
 0001:00001a60       __scrt_exe_initialize_mta  0000000140002a60 f   LIBCMTD:utility_desktop.obj
 0001:00001a60       _get_startup_new_mode      0000000140002a60 f   LIBCMTD:new_mode.obj
 0001:00001a60       _get_startup_commit_mode   0000000140002a60 f   LIBCMTD:commit_mode.obj
 0001:00001a70       _get_startup_file_mode     0000000140002a70 f   LIBCMTD:file_mode.obj
 0001:00001a80       ?__scrt_initialize_type_info@@YAXXZ 0000000140002a80 f   LIBCMTD:tncleanup.obj
 0001:00001aa0       _should_initialize_environment 0000000140002aa0 f   LIBCMTD:env_mode.obj
 0001:00001ab0       _initialize_invalid_parameter_handler 0000000140002ab0 f   LIBCMTD:invalid_parameter_handler.obj
 0001:00001ab0       _initialize_denormal_control 0000000140002ab0 f   LIBCMTD:denormal_control.obj
 0001:00001ac0       __local_stdio_printf_options 0000000140002ac0 f i LIBCMTD:default_local_stdio_options.obj
 0001:00001ad0       __local_stdio_scanf_options 0000000140002ad0 f i LIBCMTD:default_local_stdio_options.obj
 0001:00001ae0       __scrt_initialize_default_local_stdio_options 0000000140002ae0 f   LIBCMTD:default_local_stdio_options.obj
 0001:00001b30       __scrt_is_user_matherr_present 0000000140002b30 f   LIBCMTD:matherr_detection.obj
 0001:00001b60       __scrt_get_dyn_tls_init_callback 0000000140002b60 f   LIBCMTD:dyn_tls_init.obj
 0001:00001b70       __scrt_get_dyn_tls_dtor_callback 0000000140002b70 f   LIBCMTD:dyn_tls_dtor.obj
 0001:00001b80       __crt_debugger_hook        0000000140002b80 f   LIBCMTD:utility_desktop.obj
 0001:00001b90       __scrt_fastfail            0000000140002b90 f   LIBCMTD:utility_desktop.obj
 0001:00001d30       __scrt_get_show_window_mode 0000000140002d30 f   LIBCMTD:utility_desktop.obj
 0001:00001d90       __scrt_initialize_mta      0000000140002d90 f   LIBCMTD:utility_desktop.obj
 0001:00001da0       __scrt_is_managed_app      0000000140002da0 f   LIBCMTD:utility_desktop.obj
 0001:00001e50       __scrt_set_unhandled_exception_filter 0000000140002e50 f   LIBCMTD:utility_desktop.obj
 0001:00001e70       __scrt_unhandled_exception_filter 0000000140002e70 f   LIBCMTD:utility_desktop.obj
 0001:00001ef0       _RTC_Initialize            0000000140002ef0 f   LIBCMTD:initsect.obj
 0001:00001f40       _RTC_Terminate             0000000140002f40 f   LIBCMTD:initsect.obj
 0001:00001f90       _guard_check_icall_nop     0000000140002f90 f i LIBCMTD:guard_support.obj
 0001:00001fa0       ?__crt_interlocked_read_64@@YA_JPED_J@Z 0000000140002fa0 f i libvcruntimed:std_type_info.obj
 0001:00001fa0       ReadNoFence64              0000000140002fa0 f i LIBCMTD:guard_support.obj
 0001:00001fc0       ??$__crt_interlocked_read_pointer@UHINSTANCE__@@@@YAPEAUHINSTANCE__@@PEDSEAU0@@Z 0000000140002fc0 f i libvcruntimed:winapi_downlevel.obj
 0001:00001fc0       ??$__crt_interlocked_read_pointer@X@@YAPEAXPEDSEAX@Z 0000000140002fc0 f i libvcruntimed:winapi_downlevel.obj
 0001:00001fc0       ReadPointerNoFence         0000000140002fc0 f i LIBCMTD:guard_support.obj
 0001:00001fe0       _guard_icall_checks_enforced 0000000140002fe0 f i LIBCMTD:guard_support.obj
 0001:00002020       __isa_available_init       0000000140003020 f   LIBCMTD:cpu_disp.obj
 0001:00002390       __scrt_is_ucrt_dll_in_use  0000000140003390 f   LIBCMTD:ucrt_detection.obj
 0001:000023c0       IsProcessorFeaturePresent  00000001400033c0 f   kernel32:KERNEL32.dll
 0001:000023d0       __C_specific_handler       00000001400033d0 f   libvcruntimed:riscchandler.obj
 0001:00002810       __vcrt_initialize          0000000140003810 f   libvcruntimed:initialization.obj
 0001:00002850       __vcrt_uninitialize        0000000140003850 f   libvcruntimed:initialization.obj
 0001:00002880       ??$?RU__vcrt_ptd@@@__crt_internal_free_policy@@QEBAXQEBU__vcrt_ptd@@@Z 0000000140003880 f i libvcruntimed:per_thread_data.obj
 0001:00002880       ??$?RD@__crt_internal_free_policy@@QEBAXQEBD@Z 0000000140003880 f i libvcruntimed:std_type_info.obj
 0001:000028b0       ??0?$__crt_unique_heap_ptr@DU__crt_public_free_policy@@@@QEAA@QEAD@Z 00000001400038b0 f i libvcruntimed:std_exception.obj
 0001:000028b0       ??0?$__crt_unique_heap_ptr@U__vcrt_ptd@@U__crt_internal_free_policy@@@@QEAA@QEAU__vcrt_ptd@@@Z 00000001400038b0 f i libvcruntimed:per_thread_data.obj
 0001:000028b0       ??0?$__crt_unique_heap_ptr@DU__crt_internal_free_policy@@@@QEAA@QEAD@Z 00000001400038b0 f i libvcruntimed:std_type_info.obj
 0001:000028d0       ??1?$__crt_unique_heap_ptr@U__vcrt_ptd@@U__crt_internal_free_policy@@@@QEAA@XZ 00000001400038d0 f i libvcruntimed:per_thread_data.obj
 0001:000028d0       ??1?$__crt_unique_heap_ptr@DU__crt_internal_free_policy@@@@QEAA@XZ 00000001400038d0 f i libvcruntimed:std_type_info.obj
 0001:000028f0       ??B?$__crt_unique_heap_ptr@U__vcrt_ptd@@U__crt_internal_free_policy@@@@QEBA_NXZ 00000001400038f0 f i libvcruntimed:per_thread_data.obj
 0001:000028f0       ??B?$__crt_unique_heap_ptr@DU__crt_internal_free_policy@@@@QEBA_NXZ 00000001400038f0 f i libvcruntimed:std_type_info.obj
 0001:000028f0       ??B?$__crt_unique_heap_ptr@DU__crt_public_free_policy@@@@QEBA_NXZ 00000001400038f0 f i libvcruntimed:std_exception.obj
 0001:00002910       ?get@?$__crt_unique_heap_ptr@DU__crt_internal_free_policy@@@@QEBAPEADXZ 0000000140003910 f i libvcruntimed:std_type_info.obj
 0001:00002910       ?get@?$__crt_unique_heap_ptr@U__vcrt_ptd@@U__crt_internal_free_policy@@@@QEBAPEAU__vcrt_ptd@@XZ 0000000140003910 f i libvcruntimed:per_thread_data.obj
 0001:00002910       ?getFuncInfo@TryBlockMap@__FrameHandler3@@QEAAPEBU_s_FuncInfo@@XZ 0000000140003910 f i libvcruntimed:risctrnsctrl.obj
 0001:00002910       ?get@?$__crt_unique_heap_ptr@DU__crt_public_free_policy@@@@QEBAPEADXZ 0000000140003910 f i libvcruntimed:std_exception.obj
 0001:00002920       ?is_valid@?$__crt_unique_heap_ptr@DU__crt_public_free_policy@@@@QEBA_NXZ 0000000140003920 f i libvcruntimed:std_exception.obj
 0001:00002920       ?is_valid@?$__crt_unique_heap_ptr@U__vcrt_ptd@@U__crt_internal_free_policy@@@@QEBA_NXZ 0000000140003920 f i libvcruntimed:per_thread_data.obj
 0001:00002920       ?is_valid@?$__crt_unique_heap_ptr@DU__crt_internal_free_policy@@@@QEBA_NXZ 0000000140003920 f i libvcruntimed:std_type_info.obj
 0001:00002950       ?release@?$__crt_unique_heap_ptr@U__vcrt_ptd@@U__crt_internal_free_policy@@@@QEAAXXZ 0000000140003950 f i libvcruntimed:per_thread_data.obj
 0001:00002950       ?release@?$__crt_unique_heap_ptr@DU__crt_internal_free_policy@@@@QEAAXXZ 0000000140003950 f i libvcruntimed:std_type_info.obj
 0001:00002980       __std_type_info_compare    0000000140003980 f   libvcruntimed:std_type_info.obj
 0001:000029d0       _NLG_Notify                00000001400039d0 f   libvcruntimed:notify.obj
 0001:000029f0       __NLG_Dispatch2            00000001400039f0 f   libvcruntimed:notify.obj
 0001:00002a00       __NLG_Return2              0000000140003a00 f   libvcruntimed:notify.obj
 0001:00002a10       __except_validate_context_record 0000000140003a10 f   libvcruntimed:jbcxrval.obj
 0001:00002a70       __DestructExceptionObject  0000000140003a70 f   libvcruntimed:ehhelpers.obj
 0001:00002b70       ?_CallMemberFunction0@@YAXQEAX0@Z 0000000140003b70 f i libvcruntimed:ehhelpers.obj
 0001:00002ba0       _IsExceptionObjectToBeDestroyed 0000000140003ba0 f   libvcruntimed:ehhelpers.obj
 0001:00002bf0       __AdjustPointer            0000000140003bf0 f   libvcruntimed:ehhelpers.obj
 0001:00002c70       __FrameUnwindFilter        0000000140003c70 f   libvcruntimed:ehhelpers.obj
 0001:00002d40       ?detach@?$__crt_unique_heap_ptr@DU__crt_public_free_policy@@@@QEAAPEADXZ 0000000140003d40 f i libvcruntimed:std_exception.obj
 0001:00002d40       ?detach@?$__crt_unique_heap_ptr@U__vcrt_ptd@@U__crt_internal_free_policy@@@@QEAAPEAU__vcrt_ptd@@XZ 0000000140003d40 f i libvcruntimed:per_thread_data.obj
 0001:00002dc0       __vcrt_freefls             0000000140003dc0 f   libvcruntimed:per_thread_data.obj
 0001:00002e00       __vcrt_getptd              0000000140003e00 f   libvcruntimed:per_thread_data.obj
 0001:00002e30       __vcrt_getptd_noexit       0000000140003e30 f   libvcruntimed:per_thread_data.obj
 0001:00002fd0       __vcrt_initialize_ptd      0000000140003fd0 f   libvcruntimed:per_thread_data.obj
 0001:00003020       __vcrt_uninitialize_ptd    0000000140004020 f   libvcruntimed:per_thread_data.obj
 0001:00003050       __vcrt_initialize_locks    0000000140004050 f   libvcruntimed:locks.obj
 0001:000030c0       __vcrt_uninitialize_locks  00000001400040c0 f   libvcruntimed:locks.obj
 0001:00003120       ??$?BX@__crt_fast_encoded_nullptr_t@@QEBAPEAXXZ 0000000140004120 f i libvcruntimed:winapi_downlevel.obj
 0001:00003120       ??$?B$$A6AXXZ@__crt_fast_encoded_nullptr_t@@QEBAP6AXXZXZ 0000000140004120 f i libvcruntimed:purevirt_data.obj
 0001:00003140       ??$__crt_interlocked_exchange_pointer@UHINSTANCE__@@PEAX@@YAPEAUHINSTANCE__@@PEDSEAU0@QEAX@Z 0000000140004140 f i libvcruntimed:winapi_downlevel.obj
 0001:00003140       ??$__crt_interlocked_exchange_pointer@XPEAX@@YAPEAXPEDSEAXQEAX@Z 0000000140004140 f i libvcruntimed:winapi_downlevel.obj
 0001:00003140       ??$__crt_interlocked_exchange_pointer@UHINSTANCE__@@PEAU1@@@YAPEAUHINSTANCE__@@PEDSEAU0@QEAU0@@Z 0000000140004140 f i libvcruntimed:winapi_downlevel.obj
 0001:00003160       ?__crt_fast_encode_pointer@@YA?AU__crt_fast_encoded_nullptr_t@@$$T@Z 0000000140004160 f i libvcruntimed:winapi_downlevel.obj
 0001:000036c0       __vcrt_FlsAlloc            00000001400046c0 f   libvcruntimed:winapi_downlevel.obj
 0001:00003710       __vcrt_FlsFree             0000000140004710 f   libvcruntimed:winapi_downlevel.obj
 0001:00003760       __vcrt_FlsGetValue         0000000140004760 f   libvcruntimed:winapi_downlevel.obj
 0001:000037b0       __vcrt_FlsSetValue         00000001400047b0 f   libvcruntimed:winapi_downlevel.obj
 0001:00003810       __vcrt_InitializeCriticalSectionEx 0000000140004810 f   libvcruntimed:winapi_downlevel.obj
 0001:00003870       __vcrt_initialize_winapi_thunks 0000000140004870 f   libvcruntimed:winapi_downlevel.obj
 0001:000038f0       __vcrt_uninitialize_winapi_thunks 00000001400048f0 f   libvcruntimed:winapi_downlevel.obj
 0001:00003990       __vcrt_initialize_pure_virtual_call_handler 0000000140004990 f   libvcruntimed:purevirt_data.obj
 0001:000039c0       _vsprintf_s_l              00000001400049c0 f i libvcruntimed:undname.obj
 0001:00003a30       sprintf_s                  0000000140004a30 f i libvcruntimed:undname.obj
 0001:00003aa0       memcpy_repmovs             0000000140004aa0 f   libvcruntimed:memcpy.obj
 0001:00003ac0       memmove                    0000000140004ac0 f   libvcruntimed:memcpy.obj
 0001:00003ac0       memcpy                     0000000140004ac0 f   libvcruntimed:memcpy.obj
 0001:00003f00       ??$?0AEAViterator@TryBlockMap@__FrameHandler3@@AEAV012@$0A@@?$pair@Viterator@TryBlockMap@__FrameHandler3@@V123@@std@@QEAA@AEAViterator@TryBlockMap@__FrameHandler3@@0@Z 0000000140004f00 f i libvcruntimed:risctrnsctrl.obj
 0001:00004010       ??$_CallSETranslator@V__FrameHandler3@@@@YAHPEAUEHExceptionRecord@@PEA_KPEAU_CONTEXT@@PEAU_xDISPATCHER_CONTEXT@@PEBU_s_FuncInfo@@K1@Z 0000000140005010 f i libvcruntimed:risctrnsctrl.obj
 0001:00004090       ??$forward@AEAViterator@TryBlockMap@__FrameHandler3@@@std@@YAAEAViterator@TryBlockMap@__FrameHandler3@@AEAV123@@Z 0000000140005090 f i libvcruntimed:risctrnsctrl.obj
 0001:000040a0       ??0iterator@HandlerMap@__FrameHandler3@@QEAA@AEAV12@I@Z 00000001400050a0 f i libvcruntimed:frame.obj
 0001:000040a0       ??0iterator@TryBlockMap@__FrameHandler3@@QEAA@AEAV12@I@Z 00000001400050a0 f i libvcruntimed:risctrnsctrl.obj
 0001:000040d0       ?CatchTryBlock@__FrameHandler3@@SAPEBU_s_TryBlockMapEntry@@PEBU_s_FuncInfo@@H@Z 00000001400050d0 f   libvcruntimed:risctrnsctrl.obj
 0001:00004170       ?ExecutionInCatch@__FrameHandler3@@SA_NPEAU_xDISPATCHER_CONTEXT@@PEBU_s_FuncInfo@@@Z 0000000140005170 f   libvcruntimed:risctrnsctrl.obj
 0001:000041c0       ?FrameUnwindToEmptyState@__FrameHandler3@@SAXPEA_KPEAU_xDISPATCHER_CONTEXT@@PEBU_s_FuncInfo@@@Z 00000001400051c0 f   libvcruntimed:risctrnsctrl.obj
 0001:00004260       ?GetEstablisherFrame@__FrameHandler3@@SAPEA_KPEA_KPEAU_xDISPATCHER_CONTEXT@@PEBU_s_FuncInfo@@0@Z 0000000140005260 f   libvcruntimed:risctrnsctrl.obj
 0001:000043d0       ?GetRangeOfTrysToCheck@__FrameHandler3@@SA?AU?$pair@Viterator@TryBlockMap@__FrameHandler3@@V123@@std@@AEAVTryBlockMap@1@HH@Z 00000001400053d0 f   libvcruntimed:risctrnsctrl.obj
 0001:00004620       ?UnwindNestedFrames@__FrameHandler3@@SAXPEA_KPEAUEHExceptionRecord@@PEAU_CONTEXT@@0PEAXPEBU_s_FuncInfo@@HHPEBU_s_HandlerType@@PEAU_xDISPATCHER_CONTEXT@@E@Z 0000000140005620 f   libvcruntimed:risctrnsctrl.obj
 0001:00004790       ?getpDC@TryBlockMap@__FrameHandler3@@QEAAPEAU_xDISPATCHER_CONTEXT@@XZ 0000000140005790 f i libvcruntimed:risctrnsctrl.obj
 0001:000047a0       _CreateFrameInfo           00000001400057a0 f   libvcruntimed:risctrnsctrl.obj
 0001:00004810       _FindAndUnlinkFrame        0000000140005810 f   libvcruntimed:risctrnsctrl.obj
 0001:00004890       _GetImageBase              0000000140005890 f   libvcruntimed:risctrnsctrl.obj
 0001:000048b0       _GetThrowImageBase         00000001400058b0 f   libvcruntimed:risctrnsctrl.obj
 0001:000048d0       _SetImageBase              00000001400058d0 f   libvcruntimed:risctrnsctrl.obj
 0001:000048f0       _SetThrowImageBase         00000001400058f0 f   libvcruntimed:risctrnsctrl.obj
 0001:00004910       __CxxFrameHandler3         0000000140005910 f   libvcruntimed:risctrnsctrl.obj
 0001:000049d0       ?GetCurrentState@__FrameHandler3@@SAHPEA_KPEAU_xDISPATCHER_CONTEXT@@PEBU_s_FuncInfo@@@Z 00000001400059d0 f   libvcruntimed:ehstate.obj
 0001:00004a30       ?GetUnwindTryBlock@__FrameHandler3@@SAHPEA_KPEAU_xDISPATCHER_CONTEXT@@PEBU_s_FuncInfo@@@Z 0000000140005a30 f   libvcruntimed:ehstate.obj
 0001:00004a80       ?SetState@__FrameHandler3@@SAXPEA_KPEBU_s_FuncInfo@@H@Z 0000000140005a80 f   libvcruntimed:ehstate.obj
 0001:00004ab0       ?SetUnwindTryBlock@__FrameHandler3@@SAXPEA_KPEAU_xDISPATCHER_CONTEXT@@PEBU_s_FuncInfo@@H@Z 0000000140005ab0 f   libvcruntimed:ehstate.obj
 0001:00004b20       ?StateFromControlPc@__FrameHandler3@@SAHPEBU_s_FuncInfo@@PEAU_xDISPATCHER_CONTEXT@@@Z 0000000140005b20 f   libvcruntimed:ehstate.obj
 0001:00004b60       ?StateFromIp@__FrameHandler3@@SAHPEBU_s_FuncInfo@@PEAU_xDISPATCHER_CONTEXT@@_K@Z 0000000140005b60 f   libvcruntimed:ehstate.obj
 0001:00005db0       ??$TypeMatchHelper@V__FrameHandler3@@@@YAHPEBU_s_HandlerType@@PEBU_s_CatchableType@@PEBU_s_ThrowInfo@@@Z 0000000140006db0 f i libvcruntimed:frame.obj
 0001:00005fa0       ??$__InternalCxxFrameHandler@V__FrameHandler3@@@@YA?AW4_EXCEPTION_DISPOSITION@@PEAUEHExceptionRecord@@PEA_KPEAU_CONTEXT@@PEAU_xDISPATCHER_CONTEXT@@PEBU_s_FuncInfo@@H1E@Z 0000000140006fa0 f i libvcruntimed:frame.obj
 0001:00006420       ??0HandlerMap@__FrameHandler3@@QEAA@PEBU_s_TryBlockMapEntry@@PEAU_xDISPATCHER_CONTEXT@@@Z 0000000140007420 f i libvcruntimed:frame.obj
 0001:00006460       ??0TryBlockMap@__FrameHandler3@@QEAA@PEBU_s_FuncInfo@@PEAU_xDISPATCHER_CONTEXT@@@Z 0000000140007460 f i libvcruntimed:frame.obj
 0001:00006490       ??0bad_exception@std@@QEAA@AEBV01@@Z 0000000140007490 f i libvcruntimed:frame.obj
 0001:000064d0       ??0bad_exception@std@@QEAA@XZ 00000001400074d0 f i libvcruntimed:frame.obj
 0001:00006510       ??0exception@std@@QEAA@AEBV01@@Z 0000000140007510 f i libvcruntimed:frame.obj
 0001:00006570       ??0exception@std@@QEAA@QEBDH@Z 0000000140007570 f i libvcruntimed:frame.obj
 0001:000065c0       ??1bad_exception@std@@UEAA@XZ 00000001400075c0 f i libvcruntimed:frame.obj
 0001:000065e0       ??1exception@std@@UEAA@XZ  00000001400075e0 f i libvcruntimed:frame.obj
 0001:00006610       ??8iterator@HandlerMap@__FrameHandler3@@QEBA_NAEBV012@@Z 0000000140007610 f i libvcruntimed:frame.obj
 0001:00006650       ??8type_info@@QEBA_NAEBV0@@Z 0000000140007650 f i libvcruntimed:frame.obj
 0001:000066a0       ??9iterator@HandlerMap@__FrameHandler3@@QEBA_NAEBV012@@Z 00000001400076a0 f i libvcruntimed:frame.obj
 0001:000066e0       ??Diterator@HandlerMap@__FrameHandler3@@QEAAPEBU_s_HandlerType@@XZ 00000001400076e0 f i libvcruntimed:frame.obj
 0001:00006710       ??Diterator@TryBlockMap@__FrameHandler3@@QEAAPEBU_s_TryBlockMapEntry@@XZ 0000000140007710 f i libvcruntimed:frame.obj
 0001:00006750       ??Eiterator@TryBlockMap@__FrameHandler3@@QEAAAEAV012@XZ 0000000140007750 f i libvcruntimed:frame.obj
 0001:00006750       ??Eiterator@HandlerMap@__FrameHandler3@@QEAAAEAV012@XZ 0000000140007750 f i libvcruntimed:frame.obj
 0001:00006770       ??Miterator@TryBlockMap@__FrameHandler3@@QEBA_NAEBV012@@Z 0000000140007770 f i libvcruntimed:frame.obj
 0001:000067b0       ??_Ebad_exception@std@@UEAAPEAXI@Z 00000001400077b0 f i libvcruntimed:frame.obj
 0001:000067b0       ??_Gbad_exception@std@@UEAAPEAXI@Z 00000001400077b0 f i libvcruntimed:frame.obj
 0001:000067f0       ??_Gexception@std@@UEAAPEAXI@Z 00000001400077f0 f i libvcruntimed:frame.obj
 0001:000067f0       ??_Eexception@std@@UEAAPEAXI@Z 00000001400077f0 f i libvcruntimed:frame.obj
 0001:00006830       ?BuildCatchObject@__FrameHandler3@@SAXPEAUEHExceptionRecord@@PEAXPEBU_s_HandlerType@@PEBU_s_CatchableType@@@Z 0000000140007830 f   libvcruntimed:frame.obj
 0001:00006870       ?CxxCallCatchBlock@__FrameHandler3@@SAPEAXPEAU_EXCEPTION_RECORD@@@Z 0000000140007870 f   libvcruntimed:frame.obj
 0001:00006bd0       ?FrameUnwindToState@__FrameHandler3@@SAXPEA_KPEAU_xDISPATCHER_CONTEXT@@PEBU_s_FuncInfo@@H@Z 0000000140007bd0 f   libvcruntimed:frame.obj
 0001:00006e60       ?GetHandlerSearchState@__FrameHandler3@@SAHPEA_KPEAU_xDISPATCHER_CONTEXT@@PEBU_s_FuncInfo@@@Z 0000000140007e60 f i libvcruntimed:frame.obj
 0001:00006f10       ?GetMaxState@__FrameHandler3@@SAHPEAU_xDISPATCHER_CONTEXT@@PEBU_s_FuncInfo@@@Z 0000000140007f10 f i libvcruntimed:frame.obj
 0001:00007140       ?TypeMatch@__FrameHandler3@@SAHPEBU_s_HandlerType@@PEBU_s_CatchableType@@PEBU_s_ThrowInfo@@@Z 0000000140008140 f   libvcruntimed:frame.obj
 0001:00007140       __TypeMatch                0000000140008140 f   libvcruntimed:frame.obj
 0001:00007170       ?_CallMemberFunction1@@YAXQEAX00@Z 0000000140008170 f i libvcruntimed:frame.obj
 0001:000071a0       ?_CallMemberFunction2@@YAXQEAX00H@Z 00000001400081a0 f i libvcruntimed:frame.obj
 0001:000071e0       ?_ValidateExecute@@YA_NP6A_JXZ@Z 00000001400081e0 f i libvcruntimed:frame.obj
 0001:00007200       ?_ValidateWrite@@YA_NPEAXI@Z 0000000140008200 f i libvcruntimed:frame.obj
 0001:00007200       ?_ValidateRead@@YA_NPEBXI@Z 0000000140008200 f i libvcruntimed:frame.obj
 0001:00007260       ?begin@HandlerMap@__FrameHandler3@@QEAA?AViterator@12@XZ 0000000140008260 f i libvcruntimed:frame.obj
 0001:00007290       ?end@HandlerMap@__FrameHandler3@@QEAA?AViterator@12@XZ 0000000140008290 f i libvcruntimed:frame.obj
 0001:000072c0       ?getESTypes@__FrameHandler3@@SAPEBU_s_ESTypeList@@PEBU_s_FuncInfo@@@Z 00000001400082c0 f i libvcruntimed:frame.obj
 0001:00007300       ?getLastEntry@HandlerMap@__FrameHandler3@@QEAAPEBU_s_HandlerType@@XZ 0000000140008300 f i libvcruntimed:frame.obj
 0001:00007320       ?getMagicNum@__FrameHandler3@@SAIPEBU_s_FuncInfo@@@Z 0000000140008320 f i libvcruntimed:frame.obj
 0001:00007340       ?getNumTryBlocks@TryBlockMap@__FrameHandler3@@QEAAIXZ 0000000140008340 f i libvcruntimed:frame.obj
 0001:00007360       ?isEHs@__FrameHandler3@@SA_NPEBU_s_FuncInfo@@@Z 0000000140008360 f i libvcruntimed:frame.obj
 0001:000073a0       ?isNoExcept@__FrameHandler3@@SA_NPEBU_s_FuncInfo@@@Z 00000001400083a0 f i libvcruntimed:frame.obj
 0001:000073e0       ?what@exception@std@@UEBAPEBDXZ 00000001400083e0 f i libvcruntimed:frame.obj
 0001:00007420       __vcrt_EncodePointer       0000000140008420 f i libvcruntimed:frame.obj
 0001:00007450       memset_repmovs             0000000140008450 f   libvcruntimed:memset.obj
 0001:00007470       memset                     0000000140008470 f   libvcruntimed:memset.obj
 0001:00007610       _CallSettingFrame          0000000140008610 f   libvcruntimed:handlers.obj
 0001:00007660       _CallSettingFrameEncoded   0000000140008660 f   libvcruntimed:handlers.obj
 0001:000076b0       ??$?RD@__crt_public_free_policy@@QEBAXQEBD@Z 00000001400086b0 f i libvcruntimed:std_exception.obj
 0001:000076d0       ??1?$__crt_unique_heap_ptr@DU__crt_public_free_policy@@@@QEAA@XZ 00000001400086d0 f i libvcruntimed:std_exception.obj
 0001:000076f0       ?release@?$__crt_unique_heap_ptr@DU__crt_public_free_policy@@@@QEAAXXZ 00000001400086f0 f i libvcruntimed:std_exception.obj
 0001:00007720       __std_exception_copy       0000000140008720 f   libvcruntimed:std_exception.obj
 0001:00007850       __std_exception_destroy    0000000140008850 f   libvcruntimed:std_exception.obj
 0001:00007890       _CxxThrowException         0000000140008890 f   libvcruntimed:throw.obj
 0001:00007a50       _seh_filter_exe            0000000140008a50 f   libucrtd:exception_filter.obj
 0001:00007ef0       __acrt_report_runtime_error 0000000140008ef0 f   libucrtd:report_runtime_error.obj
 0001:00008170       _invoke_watson_if_error    0000000140009170 f i libucrtd:report_runtime_error.obj
 0001:000081c0       _query_app_type            00000001400091c0 f   libucrtd:report_runtime_error.obj
 0001:000081d0       _set_app_type              00000001400091d0 f   libucrtd:report_runtime_error.obj
 0001:000081e0       ??$__crt_fast_decode_pointer@P6AHPEAU_exception@@@Z@@YAP6AHPEAU_exception@@@ZQ6AH0@Z@Z 00000001400091e0 f i libucrtd:matherr.obj
 0001:00008220       ??$__crt_fast_encode_pointer@P6AHPEAU_exception@@@Z@@YAP6AHPEAU_exception@@@ZQ6AH0@Z@Z 0000000140009220 f i libucrtd:matherr.obj
 0001:00008260       ?get_current_state_index@__crt_state_management@@YA_KXZ 0000000140009260 f i libucrtd:matherr.obj
 0001:00008270       ?initialize@?$dual_state_global@P6AHPEAU_exception@@@Z@__crt_state_management@@QEAAXQ6AHPEAU_exception@@@Z@Z 0000000140009270 f i libucrtd:matherr.obj
 0001:000082c0       ?value@?$dual_state_global@P6AHPEAU_exception@@@Z@__crt_state_management@@QEAAAEAP6AHPEAU_exception@@@ZXZ 00000001400092c0 f i libucrtd:matherr.obj
 0001:000082e0       __acrt_has_user_matherr    00000001400092e0 f   libucrtd:matherr.obj
 0001:00008320       __acrt_initialize_user_matherr 0000000140009320 f   libucrtd:matherr.obj
 0001:00008340       __acrt_invoke_user_matherr 0000000140009340 f   libucrtd:matherr.obj
 0001:000083b0       __setusermatherr           00000001400093b0 f   libucrtd:matherr.obj
 0001:000083f0       ??$?RE@__crt_internal_free_policy@@QEBAXQEBE@Z 00000001400093f0 f i libucrtd:argv_parsing.obj
 0001:00008420       ??$?RPEAD@__crt_internal_free_policy@@QEBAXQEBQEAD@Z 0000000140009420 f i libucrtd:argv_parsing.obj
 0001:000087e0       ??$get_module_file_name@$$TAEAY0BAF@DH@?$__crt_char_traits@D@@SAK$$QEA$$TAEAY0BAF@D$$QEAH@Z 00000001400097e0 f i libucrtd:argv_parsing.obj
 0001:00008cf0       ??$set_program_name@PEAD@?$__crt_char_traits@D@@SAX$$QEAPEAD@Z 0000000140009cf0 f i libucrtd:argv_parsing.obj
 0001:00008d30       ??0?$__crt_unique_heap_ptr@EU__crt_internal_free_policy@@@@QEAA@QEAE@Z 0000000140009d30 f i libucrtd:argv_parsing.obj
 0001:00008d50       ??0?$__crt_unique_heap_ptr@PEADU__crt_internal_free_policy@@@@QEAA@QEAPEAD@Z 0000000140009d50 f i libucrtd:argv_parsing.obj
 0001:00008d70       ??1?$__crt_unique_heap_ptr@EU__crt_internal_free_policy@@@@QEAA@XZ 0000000140009d70 f i libucrtd:argv_parsing.obj
 0001:00008d90       ??1?$__crt_unique_heap_ptr@PEADU__crt_internal_free_policy@@@@QEAA@XZ 0000000140009d90 f i libucrtd:argv_parsing.obj
 0001:00008db0       ??B?$__crt_unique_heap_ptr@EU__crt_internal_free_policy@@@@QEBA_NXZ 0000000140009db0 f i libucrtd:argv_parsing.obj
 0001:00008e30       ?detach@?$__crt_unique_heap_ptr@EU__crt_internal_free_policy@@@@QEAAPEAEXZ 0000000140009e30 f i libucrtd:argv_parsing.obj
 0001:00008e60       ?detach@?$__crt_unique_heap_ptr@PEADU__crt_internal_free_policy@@@@QEAAPEAPEADXZ 0000000140009e60 f i libucrtd:argv_parsing.obj
 0001:00008ee0       ?get@?$__crt_unique_heap_ptr@EU__crt_internal_free_policy@@@@QEBAPEAEXZ 0000000140009ee0 f i libucrtd:argv_parsing.obj
 0001:00008ef0       ?get@?$__crt_unique_heap_ptr@PEADU__crt_internal_free_policy@@@@QEBAPEAPEADXZ 0000000140009ef0 f i libucrtd:argv_parsing.obj
 0001:00008f00       ?get_address_of@?$__crt_unique_heap_ptr@PEADU__crt_internal_free_policy@@@@QEAAPEAPEAPEADXZ 0000000140009f00 f i libucrtd:argv_parsing.obj
 0001:00008f30       ?is_valid@?$__crt_unique_heap_ptr@EU__crt_internal_free_policy@@@@QEBA_NXZ 0000000140009f30 f i libucrtd:argv_parsing.obj
 0001:00008f60       ?release@?$__crt_unique_heap_ptr@EU__crt_internal_free_policy@@@@QEAAXXZ 0000000140009f60 f i libucrtd:argv_parsing.obj
 0001:00008f90       ?release@?$__crt_unique_heap_ptr@PEADU__crt_internal_free_policy@@@@QEAAXXZ 0000000140009f90 f i libucrtd:argv_parsing.obj
 0001:00009000       __acrt_allocate_buffer_for_argv 000000014000a000 f   libucrtd:argv_parsing.obj
 0001:00009120       _configure_narrow_argv     000000014000a120 f   libucrtd:argv_parsing.obj
 0001:00009140       _set_pgmptr                000000014000a140 f i libucrtd:argv_parsing.obj
 0001:000095d0       ??$get_environment_from_os@$$V@?$__crt_char_traits@D@@SAPEADXZ 000000014000a5d0 f i libucrtd:environment_initialization.obj
 0001:000095e0       ??$tcscpy_s@PEADAEB_KAEAPEAD@?$__crt_char_traits@D@@SAH$$QEAPEADAEB_KAEAPEAD@Z 000000014000a5e0 f i libucrtd:environment_initialization.obj
 0001:00009620       ??$tcslen@AEAPEAD@?$__crt_char_traits@D@@SA_KAEAPEAD@Z 000000014000a620 f i libucrtd:environment_initialization.obj
 0001:00009640       ??$uninitialize@A6AXAEAPEAPEAD@_E@?$dual_state_global@PEAPEAD@__crt_state_management@@QEAAXA6AXAEAPEAPEAD@_E@Z 000000014000a640 f i libucrtd:environment_initialization.obj
 0001:000096c0       ??$uninitialize@A6AXAEAPEAPEA_W@_E@?$dual_state_global@PEAPEA_W@__crt_state_management@@QEAAXA6AXAEAPEAPEA_W@_E@Z 000000014000a6c0 f i libucrtd:environment_initialization.obj
 0001:000097c0       ??B?$__crt_unique_heap_ptr@PEADU__crt_internal_free_policy@@@@QEBA_NXZ 000000014000a7c0 f i libucrtd:environment_initialization.obj
 0001:000097e0       ?detach@?$__crt_unique_heap_ptr@DU__crt_internal_free_policy@@@@QEAAPEADXZ 000000014000a7e0 f i libucrtd:environment_initialization.obj
 0001:00009860       ?initialize@?$dual_state_global@PEAPEAD@__crt_state_management@@QEAAXQEAPEAD@Z 000000014000a860 f i libucrtd:environment_initialization.obj
 0001:000098b0       ?is_valid@?$__crt_unique_heap_ptr@PEADU__crt_internal_free_policy@@@@QEBA_NXZ 000000014000a8b0 f i libucrtd:environment_initialization.obj
 0001:00009900       ?value@?$dual_state_global@PEAPEAD@__crt_state_management@@QEAAAEAPEAPEADXZ 000000014000a900 f i libucrtd:environment_initialization.obj
 0001:00009920       __dcrt_uninitialize_environments_nolock 000000014000a920 f   libucrtd:environment_initialization.obj
 0001:00009970       _initialize_narrow_environment 000000014000a970 f   libucrtd:environment_initialization.obj
 0001:00009af0       _get_narrow_winmain_command_line 000000014000aaf0 f   libucrtd:argv_winmain.obj
 0001:00009b00       _initterm                  000000014000ab00 f   libucrtd:initterm.obj
 0001:00009b70       _initterm_e                000000014000ab70 f   libucrtd:initterm.obj
 0001:00009bf0       ??$?B$$A6AXPEAXK0@Z@__crt_fast_encoded_nullptr_t@@QEBAP6AXPEAXK0@ZXZ 000000014000abf0 f i libucrtd:exit.obj
 0001:00009cb0       ??$__crt_fast_decode_pointer@P6AXPEAXK0@Z@@YAP6AXPEAXK0@ZQ6AX0K0@Z@Z 000000014000acb0 f i libucrtd:exit.obj
 0001:00009cf0       ??$__crt_fast_encode_pointer@P6AXPEAXK0@Z@@YAP6AXPEAXK0@ZQ6AX0K0@Z@Z 000000014000acf0 f i libucrtd:exit.obj
 0001:00009d30       ??$__crt_get_proc_address@P6AXI@Z@@YAP6AXI@ZQEAUHINSTANCE__@@QEBD@Z 000000014000ad30 f i libucrtd:exit.obj
 0001:00009d60       ??$__crt_interlocked_read@J@@YAJPEDJ@Z 000000014000ad60 f i libucrtd:exit.obj
 0001:00009e10       ??0?$__crt_unique_handle_t@U__crt_hmodule_traits@@@@QEAA@QEAUHINSTANCE__@@@Z 000000014000ae10 f i libucrtd:exit.obj
 0001:00009e30       ??1?$__crt_unique_handle_t@U__crt_hmodule_traits@@@@QEAA@XZ 000000014000ae30 f i libucrtd:exit.obj
 0001:00009fb0       ?__acrt_select_exit_lock@@YA?AW4__acrt_lock_id@@XZ 000000014000afb0 f i libucrtd:exit.obj
 0001:00009fc0       ?__crt_interlocked_read_32@@YAHPEDH@Z 000000014000afc0 f i libucrtd:exit.obj
 0001:0000a000       ?close@?$__crt_unique_handle_t@U__crt_hmodule_traits@@@@QEAAXXZ 000000014000b000 f i libucrtd:exit.obj
 0001:0000a040       ?close@__crt_hmodule_traits@@SA_NPEAUHINSTANCE__@@@Z 000000014000b040 f i libucrtd:exit.obj
 0001:0000a160       ?get@?$__crt_unique_handle_t@U__crt_hmodule_traits@@@@QEBAPEAUHINSTANCE__@@XZ 000000014000b160 f i libucrtd:exit.obj
 0001:0000a170       ?get_address_of@?$__crt_unique_handle_t@U__crt_hmodule_traits@@@@QEAAPEAPEAUHINSTANCE__@@XZ 000000014000b170 f i libucrtd:exit.obj
 0001:0000a180       ?get_invalid_value@__crt_hmodule_traits@@SAPEAUHINSTANCE__@@XZ 000000014000b180 f i libucrtd:exit.obj
 0001:0000a360       __acrt_initialize_thread_local_exit_callback 000000014000b360 f   libucrtd:exit.obj
 0001:0000a380       _c_exit                    000000014000b380 f   libucrtd:exit.obj
 0001:0000a3a0       _cexit                     000000014000b3a0 f   libucrtd:exit.obj
 0001:0000a3c0       _exit                      000000014000b3c0 f   libucrtd:exit.obj
 0001:0000a3e0       _register_thread_local_exe_atexit_callback 000000014000b3e0 f   libucrtd:exit.obj
 0001:0000a430       exit                       000000014000b430 f   libucrtd:exit.obj
 0001:0000a450       ?value@?$dual_state_global@H@__crt_state_management@@QEAAAEAHXZ 000000014000b450 f i libucrtd:setmode.obj
 0001:0000a470       _set_fmode                 000000014000b470 f   libucrtd:setmode.obj
 0001:0000a550       ??$?RU__crt_multibyte_data@@@__crt_internal_free_policy@@QEBAXQEBU__crt_multibyte_data@@@Z 000000014000b550 f i libucrtd:wsetlocale.obj
 0001:0000a6c0       ??0?$__crt_unique_heap_ptr@U__crt_multibyte_data@@U__crt_internal_free_policy@@@@QEAA@QEAU__crt_multibyte_data@@@Z 000000014000b6c0 f i libucrtd:wsetlocale.obj
 0001:0000a6e0       ??1?$__crt_unique_heap_ptr@U__crt_multibyte_data@@U__crt_internal_free_policy@@@@QEAA@XZ 000000014000b6e0 f i libucrtd:wsetlocale.obj
 0001:0000a700       ??B?$__crt_unique_heap_ptr@U__crt_multibyte_data@@U__crt_internal_free_policy@@@@QEBA_NXZ 000000014000b700 f i libucrtd:wsetlocale.obj
 0001:0000a7e0       ?detach@?$__crt_unique_heap_ptr@U__crt_multibyte_data@@U__crt_internal_free_policy@@@@QEAAPEAU__crt_multibyte_data@@XZ 000000014000b7e0 f i libucrtd:wsetlocale.obj
 0001:0000a810       ?get@?$__crt_unique_heap_ptr@U__crt_multibyte_data@@U__crt_internal_free_policy@@@@QEBAPEAU__crt_multibyte_data@@XZ 000000014000b810 f i libucrtd:wsetlocale.obj
 0001:0000a820       ?is_valid@?$__crt_unique_heap_ptr@U__crt_multibyte_data@@U__crt_internal_free_policy@@@@QEBA_NXZ 000000014000b820 f i libucrtd:wsetlocale.obj
 0001:0000a850       ?release@?$__crt_unique_heap_ptr@U__crt_multibyte_data@@U__crt_internal_free_policy@@@@QEAAXXZ 000000014000b850 f i libucrtd:wsetlocale.obj
 0001:0000a880       ?value@?$dual_state_global@PEAU__crt_locale_data@@@__crt_state_management@@QEAAAEAPEAU__crt_locale_data@@XZ 000000014000b880 f i libucrtd:wsetlocale.obj
 0001:0000a8a0       __acrt_disable_global_locale_sync 000000014000b8a0 f i libucrtd:wsetlocale.obj
 0001:0000a8d0       __acrt_enable_global_locale_sync 000000014000b8d0 f i libucrtd:wsetlocale.obj
 0001:0000a900       __acrt_set_locale_changed  000000014000b900 f   libucrtd:wsetlocale.obj
 0001:0000a910       __acrt_uninitialize_locale 000000014000b910 f   libucrtd:wsetlocale.obj
 0001:0000a940       __ascii_tolower            000000014000b940 f i libucrtd:wsetlocale.obj
 0001:0000a960       __ascii_towlower           000000014000b960 f i libucrtd:wsetlocale.obj
 0001:0000a980       _configthreadlocale        000000014000b980 f   libucrtd:wsetlocale.obj
 0001:0000aae0       ?value@?$dual_state_global@J@__crt_state_management@@QEAAAEAJXZ 000000014000bae0 f i libucrtd:new_mode.obj
 0001:0000ab00       _query_new_mode            000000014000bb00 f   libucrtd:new_mode.obj
 0001:0000ab20       _set_new_mode              000000014000bb20 f   libucrtd:new_mode.obj
 0001:0000abf0       __p__commode               000000014000bbf0 f   libucrtd:ncommode.obj
 0001:0000ac00       ??$?BP6AXXZ@__crt_fast_encoded_nullptr_t@@QEBAPEAP6AXXZXZ 000000014000bc00 f i libucrtd:onexit.obj
 0001:0000ac20       ??$?RP6AXXZ@__crt_internal_free_policy@@QEBAXQEBQ6AXXZ@Z 000000014000bc20 f i libucrtd:onexit.obj
 0001:0000adb0       ??$__crt_fast_encode_pointer@P6AHXZ@@YAP6AHXZQ6AHXZ@Z 000000014000bdb0 f i libucrtd:onexit.obj
 0001:0000aec0       ??0?$__crt_unique_heap_ptr@P6AXXZU__crt_internal_free_policy@@@@QEAA@QEAP6AXXZ@Z 000000014000bec0 f i libucrtd:onexit.obj
 0001:0000aee0       ??1?$__crt_unique_heap_ptr@P6AXXZU__crt_internal_free_policy@@@@QEAA@XZ 000000014000bee0 f i libucrtd:onexit.obj
 0001:0000af00       ??1scoped_global_state_reset@__crt_state_management@@QEAA@XZ 000000014000bf00 f i libucrtd:onexit.obj
 0001:0000b500       ?detach@?$__crt_unique_heap_ptr@P6AXXZU__crt_internal_free_policy@@@@QEAAPEAP6AXXZXZ 000000014000c500 f i libucrtd:onexit.obj
 0001:0000b530       ?release@?$__crt_unique_heap_ptr@P6AXXZU__crt_internal_free_policy@@@@QEAAXXZ 000000014000c530 f i libucrtd:onexit.obj
 0001:0000b560       _crt_atexit                000000014000c560 f   libucrtd:onexit.obj
 0001:0000b580       _execute_onexit_table      000000014000c580 f   libucrtd:onexit.obj
 0001:0000b5c0       _initialize_onexit_table   000000014000c5c0 f   libucrtd:onexit.obj
 0001:0000b640       _register_onexit_function  000000014000c640 f   libucrtd:onexit.obj
 0001:0000b980       ?initialize@?$dual_state_global@PEAU__crt_locale_data@@@__crt_state_management@@QEAAXQEAU__crt_locale_data@@@Z 000000014000c980 f i libucrtd:initialization.obj
 0001:0000b9d0       __acrt_initialize          000000014000c9d0 f   libucrtd:initialization.obj
 0001:0000ba00       __acrt_uninitialize        000000014000ca00 f   libucrtd:initialization.obj
 0001:0000ba30       terminate                  000000014000ca30 f   libucrtd:terminate.obj
 0001:0000ba80       ??0_LocaleUpdate@@QEAA@QEAU__crt_locale_pointers@@@Z 000000014000ca80 f i libucrtd:debug_heap.obj
 0001:0000bba0       ??1_LocaleUpdate@@QEAA@XZ  000000014000cba0 f i libucrtd:debug_heap.obj
 0001:0000bbd0       ?GetLocaleT@_LocaleUpdate@@QEAAPEAU__crt_locale_pointers@@XZ 000000014000cbd0 f i libucrtd:debug_heap.obj
 0001:0000df80       _CrtCheckMemory            000000014000ef80 f   libucrtd:debug_heap.obj
 0001:0000e110       _CrtDumpMemoryLeaks        000000014000f110 f   libucrtd:debug_heap.obj
 0001:0000e1d0       _CrtIsValidHeapPointer     000000014000f1d0 f   libucrtd:debug_heap.obj
 0001:0000e220       _CrtIsValidPointer         000000014000f220 f   libucrtd:debug_heap.obj
 0001:0000e260       _CrtMemCheckpoint          000000014000f260 f   libucrtd:debug_heap.obj
 0001:0000e4e0       _CrtMemDumpAllObjectsSince 000000014000f4e0 f   libucrtd:debug_heap.obj
 0001:0000e540       _CrtSetDbgFlag             000000014000f540 f   libucrtd:debug_heap.obj
 0001:0000e6a0       _CrtSetDumpClient          000000014000f6a0 f   libucrtd:debug_heap.obj
 0001:0000e6d0       __acrt_get_locale_data_prefix 000000014000f6d0 f i libucrtd:debug_heap.obj
 0001:0000e6f0       __acrt_locale_changed      000000014000f6f0 f i libucrtd:debug_heap.obj
 0001:0000e720       _calloc_dbg                000000014000f720 f   libucrtd:debug_heap.obj
 0001:0000e7c0       _chvalidchk_l              000000014000f7c0 f i libucrtd:debug_heap.obj
 0001:0000e7f0       _free_dbg                  000000014000f7f0 f   libucrtd:debug_heap.obj
 0001:0000e860       _invoke_watson_if_oneof    000000014000f860 f i libucrtd:debug_heap.obj
 0001:0000e8c0       _ischartype_l              000000014000f8c0 f i libucrtd:debug_heap.obj
 0001:0000e950       _malloc_dbg                000000014000f950 f   libucrtd:debug_heap.obj
 0001:0000e990       _msize_dbg                 000000014000f990 f   libucrtd:debug_heap.obj
 0001:0000eb30       _realloc_dbg               000000014000fb30 f   libucrtd:debug_heap.obj
 0001:0000eba0       _recalloc_dbg              000000014000fba0 f   libucrtd:debug_heap.obj
 0001:0000f180       strcpy_s                   0000000140010180 f   libucrtd:strcpy_s.obj
 0001:0000f1c0       strcmp                     00000001400101c0 f   libucrtd:strcmp.obj
 0001:0000f240       strlen                     0000000140010240 f   libucrtd:strlen.obj
 0001:0000f2f0       abort                      00000001400102f0 f   libucrtd:abort.obj
 0001:00010120       ??$get_module_file_name@AEAPEAUHINSTANCE__@@AEAY0BAF@DK@?$__crt_char_traits@D@@SAKAEAPEAUHINSTANCE__@@AEAY0BAF@D$$QEAK@Z 0000000140011120 f i libucrtd:dbgrpt.obj
 0001:00010160       ??$get_module_file_name@AEAPEAUHINSTANCE__@@AEAY0BAF@_WK@?$__crt_char_traits@_W@@SAKAEAPEAUHINSTANCE__@@AEAY0BAF@_W$$QEAK@Z 0000000140011160 f i libucrtd:dbgrpt.obj
 0001:000101a0       ??$tcscpy_s@AEAY0BAF@D_KPEBD@?$__crt_char_traits@D@@SAHAEAY0BAF@D$$QEA_K$$QEAPEBD@Z 00000001400111a0 f i libucrtd:dbgrpt.obj
 0001:000101e0       ??$tcscpy_s@AEAY0BAF@_W_KPEB_W@?$__crt_char_traits@_W@@SAHAEAY0BAF@_W$$QEA_K$$QEAPEB_W@Z 00000001400111e0 f i libucrtd:dbgrpt.obj
 0001:00010220       ??$tcslen@AEAY0BAF@D@?$__crt_char_traits@D@@SA_KAEAY0BAF@D@Z 0000000140011220 f i libucrtd:dbgrpt.obj
 0001:00010240       ??$tcslen@AEAY0BAF@_W@?$__crt_char_traits@_W@@SA_KAEAY0BAF@_W@Z 0000000140011240 f i libucrtd:dbgrpt.obj
 0001:00010260       ??$tcslen@AEBQEBD@?$__crt_char_traits@D@@SA_KAEBQEBD@Z 0000000140011260 f i libucrtd:dbgrpt.obj
 0001:00010280       ??$tcslen@AEBQEB_W@?$__crt_char_traits@_W@@SA_KAEBQEB_W@Z 0000000140011280 f i libucrtd:dbgrpt.obj
 0001:000102e0       _CrtDbgReport              00000001400112e0 f   libucrtd:dbgrpt.obj
 0001:00010360       _CrtDbgReportW             0000000140011360 f   libucrtd:dbgrpt.obj
 0001:000103e0       __acrt_MessageWindowA      00000001400113e0 f   libucrtd:dbgrpt.obj
 0001:00010430       __acrt_MessageWindowW      0000000140011430 f   libucrtd:dbgrpt.obj
 0001:00010480       _snwprintf_s               0000000140011480 f i libucrtd:dbgrpt.obj
 0001:000104f0       _vsnwprintf_s_l            00000001400114f0 f i libucrtd:dbgrpt.obj
 0001:00010570       wcsncmp                    0000000140011570 f   libucrtd:wcsncmp.obj
 0001:00010600       ??$?0AEBV?$string_output_adapter@D@__crt_stdio_output@@AEB_KAEBQEBDAEAV__crt_cached_ptd_host@@AEBQEAD@?$format_validation_base@DV?$string_output_adapter@D@__crt_stdio_output@@@__crt_stdio_output@@IEAA@AEBV?$string_output_adapter@D@1@AEB_KAEBQEBDAEAV__crt_cached_ptd_host@@AEBQEAD@Z 0000000140011600 f i libucrtd:output.obj
 0001:00010650       ??$?0AEBV?$string_output_adapter@D@__crt_stdio_output@@AEB_KAEBQEBDAEAV__crt_cached_ptd_host@@AEBQEAD@?$standard_base@DV?$string_output_adapter@D@__crt_stdio_output@@@__crt_stdio_output@@IEAA@AEBV?$string_output_adapter@D@1@AEB_KAEBQEBDAEAV__crt_cached_ptd_host@@AEBQEAD@Z 0000000140011650 f i libucrtd:output.obj
 0001:000106c0       ??$?0AEBV?$string_output_adapter@_W@__crt_stdio_output@@AEB_KAEBQEB_WAEAV__crt_cached_ptd_host@@AEBQEAD@?$format_validation_base@_WV?$string_output_adapter@_W@__crt_stdio_output@@@__crt_stdio_output@@IEAA@AEBV?$string_output_adapter@_W@1@AEB_KAEBQEB_WAEAV__crt_cached_ptd_host@@AEBQEAD@Z 00000001400116c0 f i libucrtd:output.obj
 0001:00010710       ??$?0AEBV?$string_output_adapter@_W@__crt_stdio_output@@AEB_KAEBQEB_WAEAV__crt_cached_ptd_host@@AEBQEAD@?$standard_base@_WV?$string_output_adapter@_W@__crt_stdio_output@@@__crt_stdio_output@@IEAA@AEBV?$string_output_adapter@_W@1@AEB_KAEBQEB_WAEAV__crt_cached_ptd_host@@AEBQEAD@Z 0000000140011710 f i libucrtd:output.obj
 0001:00010780       ??$_tcstol_internal@DPEAPEAD$0A@@@YAJAEAV__crt_cached_ptd_host@@QEBDQEAPEADH@Z 0000000140011780 f i libucrtd:output.obj
 0001:000107d0       ??$_tcstol_internal@_WPEAPEA_W$0A@@@YAJAEAV__crt_cached_ptd_host@@QEB_WQEAPEA_WH@Z 00000001400117d0 f i libucrtd:output.obj
 0001:000123a0       ??$count@D@formatting_buffer@__crt_stdio_output@@QEBA_KXZ 00000001400133a0 f i libucrtd:output.obj
 0001:000123f0       ??$count@_W@formatting_buffer@__crt_stdio_output@@QEBA_KXZ 00000001400133f0 f i libucrtd:output.obj
 0001:00012440       ??$data@D@formatting_buffer@__crt_stdio_output@@QEAAPEADXZ 0000000140013440 f i libucrtd:output.obj
 0001:00012490       ??$data@_W@formatting_buffer@__crt_stdio_output@@QEAAPEA_WXZ 0000000140013490 f i libucrtd:output.obj
 0001:000124e0       ??$ensure_buffer_is_big_enough@D@formatting_buffer@__crt_stdio_output@@QEAA_N_KAEAV__crt_cached_ptd_host@@@Z 00000001400134e0 f i libucrtd:output.obj
 0001:00012620       ??$ensure_buffer_is_big_enough@_W@formatting_buffer@__crt_stdio_output@@QEAA_N_KAEAV__crt_cached_ptd_host@@@Z 0000000140013620 f i libucrtd:output.obj
 0001:00012760       ??$extract_argument_from_va_list@C_J@?$standard_base@DV?$string_output_adapter@D@__crt_stdio_output@@@__crt_stdio_output@@IEAA_NAEA_J@Z 0000000140013760 f i libucrtd:output.obj
 0001:000127a0       ??$extract_argument_from_va_list@C_J@?$standard_base@_WV?$string_output_adapter@_W@__crt_stdio_output@@@__crt_stdio_output@@IEAA_NAEA_J@Z 00000001400137a0 f i libucrtd:output.obj
 0001:000127e0       ??$extract_argument_from_va_list@E_J@?$standard_base@DV?$string_output_adapter@D@__crt_stdio_output@@@__crt_stdio_output@@IEAA_NAEA_J@Z 00000001400137e0 f i libucrtd:output.obj
 0001:00012820       ??$extract_argument_from_va_list@E_J@?$standard_base@_WV?$string_output_adapter@_W@__crt_stdio_output@@@__crt_stdio_output@@IEAA_NAEA_J@Z 0000000140013820 f i libucrtd:output.obj
 0001:00012860       ??$extract_argument_from_va_list@F_J@?$standard_base@DV?$string_output_adapter@D@__crt_stdio_output@@@__crt_stdio_output@@IEAA_NAEA_J@Z 0000000140013860 f i libucrtd:output.obj
 0001:000128a0       ??$extract_argument_from_va_list@F_J@?$standard_base@_WV?$string_output_adapter@_W@__crt_stdio_output@@@__crt_stdio_output@@IEAA_NAEA_J@Z 00000001400138a0 f i libucrtd:output.obj
 0001:000128e0       ??$extract_argument_from_va_list@GD@?$standard_base@DV?$string_output_adapter@D@__crt_stdio_output@@@__crt_stdio_output@@IEAA_NAEAD@Z 00000001400138e0 f i libucrtd:output.obj
 0001:00012910       ??$extract_argument_from_va_list@G_J@?$standard_base@DV?$string_output_adapter@D@__crt_stdio_output@@@__crt_stdio_output@@IEAA_NAEA_J@Z 0000000140013910 f i libucrtd:output.obj
 0001:00012950       ??$extract_argument_from_va_list@G_J@?$standard_base@_WV?$string_output_adapter@_W@__crt_stdio_output@@@__crt_stdio_output@@IEAA_NAEA_J@Z 0000000140013950 f i libucrtd:output.obj
 0001:00012990       ??$extract_argument_from_va_list@H_J@?$standard_base@DV?$string_output_adapter@D@__crt_stdio_output@@@__crt_stdio_output@@IEAA_NAEA_J@Z 0000000140013990 f i libucrtd:output.obj
 0001:000129c0       ??$extract_argument_from_va_list@H_J@?$standard_base@_WV?$string_output_adapter@_W@__crt_stdio_output@@@__crt_stdio_output@@IEAA_NAEA_J@Z 00000001400139c0 f i libucrtd:output.obj
 0001:000129f0       ??$extract_argument_from_va_list@I_J@?$standard_base@DV?$string_output_adapter@D@__crt_stdio_output@@@__crt_stdio_output@@IEAA_NAEA_J@Z 00000001400139f0 f i libucrtd:output.obj
 0001:00012a20       ??$extract_argument_from_va_list@I_J@?$standard_base@_WV?$string_output_adapter@_W@__crt_stdio_output@@@__crt_stdio_output@@IEAA_NAEA_J@Z 0000000140013a20 f i libucrtd:output.obj
 0001:00012a50       ??$extract_argument_from_va_list@PEADPEAD@?$standard_base@DV?$string_output_adapter@D@__crt_stdio_output@@@__crt_stdio_output@@IEAA_NAEAPEAD@Z 0000000140013a50 f i libucrtd:output.obj
 0001:00012a80       ??$extract_argument_from_va_list@PEADPEAD@?$standard_base@_WV?$string_output_adapter@_W@__crt_stdio_output@@@__crt_stdio_output@@IEAA_NAEAPEAD@Z 0000000140013a80 f i libucrtd:output.obj
 0001:00012ab0       ??$extract_argument_from_va_list@PEAUansi_string@?1??type_case_Z@?$output_processor@DV?$string_output_adapter@D@__crt_stdio_output@@V?$format_validation_base@DV?$string_output_adapter@D@__crt_stdio_output@@@2@@__crt_stdio_output@@AEAA_NXZ@PEAU1?1??234@AEAA_NXZ@@?$standard_base@DV?$string_output_adapter@D@__crt_stdio_output@@@__crt_stdio_output@@IEAA_NAEAPEAUansi_string@?1??type_case_Z@?$output_processor@DV?$string_output_adapter@D@__crt_stdio_output@@V?$format_validation_base@DV?$string_output_adapter@D@__crt_stdio_output@@@2@@1@AEAA_NXZ@@Z 0000000140013ab0 f i libucrtd:output.obj
 0001:00012ae0       ??$extract_argument_from_va_list@PEAUansi_string@?1??type_case_Z@?$output_processor@_WV?$string_output_adapter@_W@__crt_stdio_output@@V?$format_validation_base@_WV?$string_output_adapter@_W@__crt_stdio_output@@@2@@__crt_stdio_output@@AEAA_NXZ@PEAU1?1??234@AEAA_NXZ@@?$standard_base@_WV?$string_output_adapter@_W@__crt_stdio_output@@@__crt_stdio_output@@IEAA_NAEAPEAUansi_string@?1??type_case_Z@?$output_processor@_WV?$string_output_adapter@_W@__crt_stdio_output@@V?$format_validation_base@_WV?$string_output_adapter@_W@__crt_stdio_output@@@2@@1@AEAA_NXZ@@Z 0000000140013ae0 f i libucrtd:output.obj
 0001:00012b10       ??$extract_argument_from_va_list@PEAXPEAX@?$standard_base@DV?$string_output_adapter@D@__crt_stdio_output@@@__crt_stdio_output@@IEAA_NAEAPEAX@Z 0000000140013b10 f i libucrtd:output.obj
 0001:00012b40       ??$extract_argument_from_va_list@PEAXPEAX@?$standard_base@_WV?$string_output_adapter@_W@__crt_stdio_output@@@__crt_stdio_output@@IEAA_NAEAPEAX@Z 0000000140013b40 f i libucrtd:output.obj
 0001:00012b70       ??$extract_argument_from_va_list@U_CRT_DOUBLE@@U1@@?$standard_base@DV?$string_output_adapter@D@__crt_stdio_output@@@__crt_stdio_output@@IEAA_NAEAU_CRT_DOUBLE@@@Z 0000000140013b70 f i libucrtd:output.obj
 0001:00012bc0       ??$extract_argument_from_va_list@U_CRT_DOUBLE@@U1@@?$standard_base@_WV?$string_output_adapter@_W@__crt_stdio_output@@@__crt_stdio_output@@IEAA_NAEAU_CRT_DOUBLE@@@Z 0000000140013bc0 f i libucrtd:output.obj
 0001:00012c10       ??$extract_argument_from_va_list@_J_J@?$standard_base@DV?$string_output_adapter@D@__crt_stdio_output@@@__crt_stdio_output@@IEAA_NAEA_J@Z 0000000140013c10 f i libucrtd:output.obj
 0001:00012c40       ??$extract_argument_from_va_list@_J_J@?$standard_base@_WV?$string_output_adapter@_W@__crt_stdio_output@@@__crt_stdio_output@@IEAA_NAEA_J@Z 0000000140013c40 f i libucrtd:output.obj
 0001:00012c70       ??$extract_argument_from_va_list@_K_J@?$standard_base@DV?$string_output_adapter@D@__crt_stdio_output@@@__crt_stdio_output@@IEAA_NAEA_J@Z 0000000140013c70 f i libucrtd:output.obj
 0001:00012ca0       ??$extract_argument_from_va_list@_K_J@?$standard_base@_WV?$string_output_adapter@_W@__crt_stdio_output@@@__crt_stdio_output@@IEAA_NAEA_J@Z 0000000140013ca0 f i libucrtd:output.obj
 0001:00012cd0       ??$extract_argument_from_va_list@_W_W@?$standard_base@DV?$string_output_adapter@D@__crt_stdio_output@@@__crt_stdio_output@@IEAA_NAEA_W@Z 0000000140013cd0 f i libucrtd:output.obj
 0001:00012d00       ??$extract_argument_from_va_list@_W_W@?$standard_base@_WV?$string_output_adapter@_W@__crt_stdio_output@@@__crt_stdio_output@@IEAA_NAEA_W@Z 0000000140013d00 f i libucrtd:output.obj
 0001:00012d30       ??$is_overflow_condition@K@__crt_strtox@@YA_NIK@Z 0000000140013d30 f i libucrtd:output.obj
 0001:00012da0       ??$is_wide_character_specifier@D@__crt_stdio_output@@YA_N_KDW4length_modifier@0@@Z 0000000140013da0 f i libucrtd:output.obj
 0001:00012e40       ??$is_wide_character_specifier@_W@__crt_stdio_output@@YA_N_K_WW4length_modifier@0@@Z 0000000140013e40 f i libucrtd:output.obj
 0001:00012f10       ??$make_c_string_character_source@DPEAPEAD@__crt_strtox@@YA?AV?$c_string_character_source@D@0@QEBDQEAPEAD@Z 0000000140013f10 f i libucrtd:output.obj
 0001:00012f50       ??$make_c_string_character_source@_WPEAPEA_W@__crt_strtox@@YA?AV?$c_string_character_source@_W@0@QEB_WQEAPEA_W@Z 0000000140013f50 f i libucrtd:output.obj
 0001:00012f90       ??$parse_integer@KV?$c_string_character_source@D@__crt_strtox@@$0A@@__crt_strtox@@YAKAEAV__crt_cached_ptd_host@@V?$c_string_character_source@D@0@H_N@Z 0000000140013f90 f i libucrtd:output.obj
 0001:00013410       ??$parse_integer@KV?$c_string_character_source@_W@__crt_strtox@@$0A@@__crt_strtox@@YAKAEAV__crt_cached_ptd_host@@V?$c_string_character_source@_W@0@H_N@Z 0000000140014410 f i libucrtd:output.obj
 0001:00013890       ??$read_va_arg@C@__crt_stdio_output@@YACAEAPEAD@Z 0000000140014890 f i libucrtd:output.obj
 0001:00013900       ??$read_va_arg@E@__crt_stdio_output@@YAEAEAPEAD@Z 0000000140014900 f i libucrtd:output.obj
 0001:00013970       ??$read_va_arg@F@__crt_stdio_output@@YAFAEAPEAD@Z 0000000140014970 f i libucrtd:output.obj
 0001:000139e0       ??$read_va_arg@G@__crt_stdio_output@@YAGAEAPEAD@Z 00000001400149e0 f i libucrtd:output.obj
 0001:00013a50       ??$read_va_arg@H@__crt_stdio_output@@YAHAEAPEAD@Z 0000000140014a50 f i libucrtd:output.obj
 0001:00013ab0       ??$read_va_arg@I@__crt_stdio_output@@YAIAEAPEAD@Z 0000000140014ab0 f i libucrtd:output.obj
 0001:00013b10       ??$read_va_arg@PEAD@__crt_stdio_output@@YAPEADAEAPEAD@Z 0000000140014b10 f i libucrtd:output.obj
 0001:00013b80       ??$read_va_arg@PEAUansi_string@?1??type_case_Z@?$output_processor@DV?$string_output_adapter@D@__crt_stdio_output@@V?$format_validation_base@DV?$string_output_adapter@D@__crt_stdio_output@@@2@@__crt_stdio_output@@AEAA_NXZ@@__crt_stdio_output@@YAPEAUansi_string@?1??type_case_Z@?$output_processor@DV?$string_output_adapter@D@__crt_stdio_output@@V?$format_validation_base@DV?$string_output_adapter@D@__crt_stdio_output@@@2@@0@AEAA_NXZ@AEAPEAD@Z 0000000140014b80 f i libucrtd:output.obj
 0001:00013bf0       ??$read_va_arg@PEAUansi_string@?1??type_case_Z@?$output_processor@_WV?$string_output_adapter@_W@__crt_stdio_output@@V?$format_validation_base@_WV?$string_output_adapter@_W@__crt_stdio_output@@@2@@__crt_stdio_output@@AEAA_NXZ@@__crt_stdio_output@@YAPEAUansi_string@?1??type_case_Z@?$output_processor@_WV?$string_output_adapter@_W@__crt_stdio_output@@V?$format_validation_base@_WV?$string_output_adapter@_W@__crt_stdio_output@@@2@@0@AEAA_NXZ@AEAPEAD@Z 0000000140014bf0 f i libucrtd:output.obj
 0001:00013c60       ??$read_va_arg@PEAX@__crt_stdio_output@@YAPEAXAEAPEAD@Z 0000000140014c60 f i libucrtd:output.obj
 0001:00013cd0       ??$read_va_arg@U_CRT_DOUBLE@@@__crt_stdio_output@@YA?AU_CRT_DOUBLE@@AEAPEAD@Z 0000000140014cd0 f i libucrtd:output.obj
 0001:00013d40       ??$read_va_arg@_J@__crt_stdio_output@@YA_JAEAPEAD@Z 0000000140014d40 f i libucrtd:output.obj
 0001:00013db0       ??$read_va_arg@_K@__crt_stdio_output@@YA_KAEAPEAD@Z 0000000140014db0 f i libucrtd:output.obj
 0001:00013e20       ??$read_va_arg@_W@__crt_stdio_output@@YA_WAEAPEAD@Z 0000000140014e20 f i libucrtd:output.obj
 0001:00013e90       ??$scratch_count@D@formatting_buffer@__crt_stdio_output@@QEBA_KXZ 0000000140014e90 f i libucrtd:output.obj
 0001:00013eb0       ??$scratch_data@D@formatting_buffer@__crt_stdio_output@@QEAAPEADXZ 0000000140014eb0 f i libucrtd:output.obj
 0001:00013f20       ??$type_case_integer@$07@?$output_processor@DV?$string_output_adapter@D@__crt_stdio_output@@V?$format_validation_base@DV?$string_output_adapter@D@__crt_stdio_output@@@2@@__crt_stdio_output@@AEAA_N_N@Z 0000000140014f20 f i libucrtd:output.obj
 0001:000143a0       ??$type_case_integer@$07@?$output_processor@_WV?$string_output_adapter@_W@__crt_stdio_output@@V?$format_validation_base@_WV?$string_output_adapter@_W@__crt_stdio_output@@@2@@__crt_stdio_output@@AEAA_N_N@Z 00000001400153a0 f i libucrtd:output.obj
 0001:00014820       ??$type_case_integer@$09@?$output_processor@DV?$string_output_adapter@D@__crt_stdio_output@@V?$format_validation_base@DV?$string_output_adapter@D@__crt_stdio_output@@@2@@__crt_stdio_output@@AEAA_N_N@Z 0000000140015820 f i libucrtd:output.obj
 0001:00014ca0       ??$type_case_integer@$09@?$output_processor@_WV?$string_output_adapter@_W@__crt_stdio_output@@V?$format_validation_base@_WV?$string_output_adapter@_W@__crt_stdio_output@@@2@@__crt_stdio_output@@AEAA_N_N@Z 0000000140015ca0 f i libucrtd:output.obj
 0001:00015120       ??$type_case_integer@$0BA@@?$output_processor@DV?$string_output_adapter@D@__crt_stdio_output@@V?$format_validation_base@DV?$string_output_adapter@D@__crt_stdio_output@@@2@@__crt_stdio_output@@AEAA_N_N@Z 0000000140016120 f i libucrtd:output.obj
 0001:000155a0       ??$type_case_integer@$0BA@@?$output_processor@_WV?$string_output_adapter@_W@__crt_stdio_output@@V?$format_validation_base@_WV?$string_output_adapter@_W@__crt_stdio_output@@@2@@__crt_stdio_output@@AEAA_N_N@Z 00000001400165a0 f i libucrtd:output.obj
 0001:00015a20       ??$type_case_integer_parse_into_buffer@I$07@?$output_processor@DV?$string_output_adapter@D@__crt_stdio_output@@V?$format_validation_base@DV?$string_output_adapter@D@__crt_stdio_output@@@2@@__crt_stdio_output@@AEAAXI_N@Z 0000000140016a20 f i libucrtd:output.obj
 0001:00015b50       ??$type_case_integer_parse_into_buffer@I$07@?$output_processor@_WV?$string_output_adapter@_W@__crt_stdio_output@@V?$format_validation_base@_WV?$string_output_adapter@_W@__crt_stdio_output@@@2@@__crt_stdio_output@@AEAAXI_N@Z 0000000140016b50 f i libucrtd:output.obj
 0001:00015c90       ??$type_case_integer_parse_into_buffer@I$09@?$output_processor@DV?$string_output_adapter@D@__crt_stdio_output@@V?$format_validation_base@DV?$string_output_adapter@D@__crt_stdio_output@@@2@@__crt_stdio_output@@AEAAXI_N@Z 0000000140016c90 f i libucrtd:output.obj
 0001:00015dc0       ??$type_case_integer_parse_into_buffer@I$09@?$output_processor@_WV?$string_output_adapter@_W@__crt_stdio_output@@V?$format_validation_base@_WV?$string_output_adapter@_W@__crt_stdio_output@@@2@@__crt_stdio_output@@AEAAXI_N@Z 0000000140016dc0 f i libucrtd:output.obj
 0001:00015f00       ??$type_case_integer_parse_into_buffer@I$0BA@@?$output_processor@DV?$string_output_adapter@D@__crt_stdio_output@@V?$format_validation_base@DV?$string_output_adapter@D@__crt_stdio_output@@@2@@__crt_stdio_output@@AEAAXI_N@Z 0000000140016f00 f i libucrtd:output.obj
 0001:00016030       ??$type_case_integer_parse_into_buffer@I$0BA@@?$output_processor@_WV?$string_output_adapter@_W@__crt_stdio_output@@V?$format_validation_base@_WV?$string_output_adapter@_W@__crt_stdio_output@@@2@@__crt_stdio_output@@AEAAXI_N@Z 0000000140017030 f i libucrtd:output.obj
 0001:00016170       ??$type_case_integer_parse_into_buffer@_K$07@?$output_processor@DV?$string_output_adapter@D@__crt_stdio_output@@V?$format_validation_base@DV?$string_output_adapter@D@__crt_stdio_output@@@2@@__crt_stdio_output@@AEAAX_K_N@Z 0000000140017170 f i libucrtd:output.obj
 0001:000162b0       ??$type_case_integer_parse_into_buffer@_K$07@?$output_processor@_WV?$string_output_adapter@_W@__crt_stdio_output@@V?$format_validation_base@_WV?$string_output_adapter@_W@__crt_stdio_output@@@2@@__crt_stdio_output@@AEAAX_K_N@Z 00000001400172b0 f i libucrtd:output.obj
 0001:000163f0       ??$type_case_integer_parse_into_buffer@_K$09@?$output_processor@DV?$string_output_adapter@D@__crt_stdio_output@@V?$format_validation_base@DV?$string_output_adapter@D@__crt_stdio_output@@@2@@__crt_stdio_output@@AEAAX_K_N@Z 00000001400173f0 f i libucrtd:output.obj
 0001:00016530       ??$type_case_integer_parse_into_buffer@_K$09@?$output_processor@_WV?$string_output_adapter@_W@__crt_stdio_output@@V?$format_validation_base@_WV?$string_output_adapter@_W@__crt_stdio_output@@@2@@__crt_stdio_output@@AEAAX_K_N@Z 0000000140017530 f i libucrtd:output.obj
 0001:00016670       ??$type_case_integer_parse_into_buffer@_K$0BA@@?$output_processor@DV?$string_output_adapter@D@__crt_stdio_output@@V?$format_validation_base@DV?$string_output_adapter@D@__crt_stdio_output@@@2@@__crt_stdio_output@@AEAAX_K_N@Z 0000000140017670 f i libucrtd:output.obj
 0001:000167b0       ??$type_case_integer_parse_into_buffer@_K$0BA@@?$output_processor@_WV?$string_output_adapter@_W@__crt_stdio_output@@V?$format_validation_base@_WV?$string_output_adapter@_W@__crt_stdio_output@@@2@@__crt_stdio_output@@AEAAX_K_N@Z 00000001400177b0 f i libucrtd:output.obj
 0001:000168f0       ??$write_multiple_characters@V?$string_output_adapter@D@__crt_stdio_output@@D@__crt_stdio_output@@YAXAEBV?$string_output_adapter@D@0@DHQEAHAEAV__crt_cached_ptd_host@@@Z 00000001400178f0 f i libucrtd:output.obj
 0001:00016960       ??$write_multiple_characters@V?$string_output_adapter@_W@__crt_stdio_output@@D@__crt_stdio_output@@YAXAEBV?$string_output_adapter@_W@0@DHQEAHAEAV__crt_cached_ptd_host@@@Z 0000000140017960 f i libucrtd:output.obj
 0001:000169d0       ??0?$c_string_character_source@D@__crt_strtox@@QEAA@QEBDQEAPEBD@Z 00000001400179d0 f i libucrtd:output.obj
 0001:00016a20       ??0?$c_string_character_source@_W@__crt_strtox@@QEAA@QEB_WQEAPEB_W@Z 0000000140017a20 f i libucrtd:output.obj
 0001:00016a70       ??0?$cached@H@__crt_cached_ptd_host@@QEAA@XZ 0000000140017a70 f i libucrtd:output.obj
 0001:00016a90       ??0?$cached@K@__crt_cached_ptd_host@@QEAA@XZ 0000000140017a90 f i libucrtd:output.obj
 0001:00016ab0       ??0?$common_data@D@__crt_stdio_output@@IEAA@AEAV__crt_cached_ptd_host@@@Z 0000000140017ab0 f i libucrtd:output.obj
 0001:00016b70       ??0?$common_data@_W@__crt_stdio_output@@IEAA@AEAV__crt_cached_ptd_host@@@Z 0000000140017b70 f i libucrtd:output.obj
 0001:00016c30       ??0?$output_adapter_data@DV?$string_output_adapter@D@__crt_stdio_output@@@__crt_stdio_output@@IEAA@AEBV?$string_output_adapter@D@1@_KQEBDAEAV__crt_cached_ptd_host@@QEAD@Z 0000000140017c30 f i libucrtd:output.obj
 0001:00016cb0       ??0?$output_adapter_data@_WV?$string_output_adapter@_W@__crt_stdio_output@@@__crt_stdio_output@@IEAA@AEBV?$string_output_adapter@_W@1@_KQEB_WAEAV__crt_cached_ptd_host@@QEAD@Z 0000000140017cb0 f i libucrtd:output.obj
 0001:00016d30       ??0?$output_processor@DV?$string_output_adapter@D@__crt_stdio_output@@V?$format_validation_base@DV?$string_output_adapter@D@__crt_stdio_output@@@2@@__crt_stdio_output@@QEAA@AEBV?$string_output_adapter@D@1@_KQEBDAEAV__crt_cached_ptd_host@@QEAD@Z 0000000140017d30 f i libucrtd:output.obj
 0001:00016d80       ??0?$output_processor@_WV?$string_output_adapter@_W@__crt_stdio_output@@V?$format_validation_base@_WV?$string_output_adapter@_W@__crt_stdio_output@@@2@@__crt_stdio_output@@QEAA@AEBV?$string_output_adapter@_W@1@_KQEB_WAEAV__crt_cached_ptd_host@@QEAD@Z 0000000140017d80 f i libucrtd:output.obj
 0001:00016dd0       ??0?$string_output_adapter@D@__crt_stdio_output@@QEAA@QEAU?$string_output_adapter_context@D@1@@Z 0000000140017dd0 f i libucrtd:output.obj
 0001:00016df0       ??0?$string_output_adapter@_W@__crt_stdio_output@@QEAA@QEAU?$string_output_adapter_context@_W@1@@Z 0000000140017df0 f i libucrtd:output.obj
 0001:00016e10       ??0__crt_cached_ptd_host@@QEAA@QEAU__crt_locale_pointers@@@Z 0000000140017e10 f i libucrtd:output.obj
 0001:00016ed0       ??0__crt_scoped_get_last_error_reset@@QEAA@XZ 0000000140017ed0 f i libucrtd:output.obj
 0001:00016ef0       ??0__crt_stdio_stream@@QEAA@QEAU_iobuf@@@Z 0000000140017ef0 f i libucrtd:output.obj
 0001:00016f10       ??0formatting_buffer@__crt_stdio_output@@QEAA@XZ 0000000140017f10 f i libucrtd:output.obj
 0001:00016f50       ??0guard@?$cached@H@__crt_cached_ptd_host@@QEAA@AEAU12@@Z 0000000140017f50 f i libucrtd:output.obj
 0001:00016f90       ??1?$c_string_character_source@D@__crt_strtox@@QEAA@XZ 0000000140017f90 f i libucrtd:output.obj
 0001:00016fc0       ??1?$c_string_character_source@_W@__crt_strtox@@QEAA@XZ 0000000140017fc0 f i libucrtd:output.obj
 0001:00016ff0       ??1?$common_data@D@__crt_stdio_output@@QEAA@XZ 0000000140017ff0 f i libucrtd:output.obj
 0001:00017010       ??1?$common_data@_W@__crt_stdio_output@@QEAA@XZ 0000000140018010 f i libucrtd:output.obj
 0001:00017030       ??1?$format_validation_base@DV?$string_output_adapter@D@__crt_stdio_output@@@__crt_stdio_output@@QEAA@XZ 0000000140018030 f i libucrtd:output.obj
 0001:00017050       ??1?$format_validation_base@_WV?$string_output_adapter@_W@__crt_stdio_output@@@__crt_stdio_output@@QEAA@XZ 0000000140018050 f i libucrtd:output.obj
 0001:00017070       ??1?$output_adapter_data@DV?$string_output_adapter@D@__crt_stdio_output@@@__crt_stdio_output@@QEAA@XZ 0000000140018070 f i libucrtd:output.obj
 0001:00017090       ??1?$output_adapter_data@_WV?$string_output_adapter@_W@__crt_stdio_output@@@__crt_stdio_output@@QEAA@XZ 0000000140018090 f i libucrtd:output.obj
 0001:000170b0       ??1?$output_processor@DV?$string_output_adapter@D@__crt_stdio_output@@V?$format_validation_base@DV?$string_output_adapter@D@__crt_stdio_output@@@2@@__crt_stdio_output@@QEAA@XZ 00000001400180b0 f i libucrtd:output.obj
 0001:000170d0       ??1?$output_processor@_WV?$string_output_adapter@_W@__crt_stdio_output@@V?$format_validation_base@_WV?$string_output_adapter@_W@__crt_stdio_output@@@2@@__crt_stdio_output@@QEAA@XZ 00000001400180d0 f i libucrtd:output.obj
 0001:000170f0       ??1?$standard_base@DV?$string_output_adapter@D@__crt_stdio_output@@@__crt_stdio_output@@QEAA@XZ 00000001400180f0 f i libucrtd:output.obj
 0001:00017110       ??1?$standard_base@_WV?$string_output_adapter@_W@__crt_stdio_output@@@__crt_stdio_output@@QEAA@XZ 0000000140018110 f i libucrtd:output.obj
 0001:00017130       ??1__crt_cached_ptd_host@@QEAA@XZ 0000000140018130 f i libucrtd:output.obj
 0001:000171e0       ??1__crt_scoped_get_last_error_reset@@QEAA@XZ 00000001400181e0 f i libucrtd:output.obj
 0001:00017200       ??1formatting_buffer@__crt_stdio_output@@QEAA@XZ 0000000140018200 f i libucrtd:output.obj
 0001:00017230       ??1guard@?$cached@H@__crt_cached_ptd_host@@QEAA@XZ 0000000140018230 f i libucrtd:output.obj
 0001:00017260       ??4?$__crt_unique_heap_ptr@DU__crt_internal_free_policy@@@@QEAAAEAV0@$$QEAV0@@Z 0000000140018260 f i libucrtd:output.obj
 0001:000172a0       ??A?$spectre_mitigated_lookup_table@Ustate_transition_pair@__crt_stdio_output@@$0IA@@__crt_stdio_output@@QEBAAEBUstate_transition_pair@1@_K@Z 00000001400182a0 f i libucrtd:output.obj
 0001:000172c0       ??C__crt_stdio_stream@@QEBAPEAU__crt_stdio_stream_data@@XZ 00000001400182c0 f i libucrtd:output.obj
 0001:000172d0       ?adjust_hexit@?$output_processor@DV?$string_output_adapter@D@__crt_stdio_output@@V?$format_validation_base@DV?$string_output_adapter@D@__crt_stdio_output@@@2@@__crt_stdio_output@@CADH_N@Z 00000001400182d0 f i libucrtd:output.obj
 0001:00017320       ?adjust_hexit@?$output_processor@_WV?$string_output_adapter@_W@__crt_stdio_output@@V?$format_validation_base@_WV?$string_output_adapter@_W@__crt_stdio_output@@@2@@__crt_stdio_output@@CADH_N@Z 0000000140018320 f i libucrtd:output.obj
 0001:00017370       ?advance_to_next_pass@?$standard_base@DV?$string_output_adapter@D@__crt_stdio_output@@@__crt_stdio_output@@IEAA_NXZ 0000000140018370 f i libucrtd:output.obj
 0001:000173c0       ?advance_to_next_pass@?$standard_base@_WV?$string_output_adapter@_W@__crt_stdio_output@@@__crt_stdio_output@@IEAA_NXZ 00000001400183c0 f i libucrtd:output.obj
 0001:00017410       ?check@?$cached@H@__crt_cached_ptd_host@@QEBA_NH@Z 0000000140018410 f i libucrtd:output.obj
 0001:00017450       ?check_synchronize_global_state_index@__crt_cached_ptd_host@@AEAA_KAEBV__crt_scoped_get_last_error_reset@@@Z 0000000140018450 f i libucrtd:output.obj
 0001:00017490       ?check_synchronize_per_thread_data@__crt_cached_ptd_host@@AEAAPEAU__acrt_ptd@@XZ 0000000140018490 f i libucrtd:output.obj
 0001:000174d0       ?create_guard@?$cached@H@__crt_cached_ptd_host@@QEAA?AVguard@12@XZ 00000001400184d0 f i libucrtd:output.obj
 0001:00017500       ?crop_zeroes@__crt_stdio_output@@YAXPEADQEAU__crt_locale_pointers@@@Z 0000000140018500 f i libucrtd:output.obj
 0001:00017650       ?disable@guard@?$cached@H@__crt_cached_ptd_host@@QEAAXXZ 0000000140018650 f i libucrtd:output.obj
 0001:00017660       ?enable@guard@?$cached@H@__crt_cached_ptd_host@@QEAAXXZ 0000000140018660 f i libucrtd:output.obj
 0001:00017670       ?find_next_state@?$output_processor@DV?$string_output_adapter@D@__crt_stdio_output@@V?$format_validation_base@DV?$string_output_adapter@D@__crt_stdio_output@@@2@@__crt_stdio_output@@AEBA?AW4state@2@DW432@@Z 0000000140018670 f i libucrtd:output.obj
 0001:00017710       ?find_next_state@?$output_processor@_WV?$string_output_adapter@_W@__crt_stdio_output@@V?$format_validation_base@_WV?$string_output_adapter@_W@__crt_stdio_output@@@2@@__crt_stdio_output@@AEBA?AW4state@2@_WW432@@Z 0000000140018710 f i libucrtd:output.obj
 0001:000177b0       ?force_decimal_point@__crt_stdio_output@@YAXPEADQEAU__crt_locale_pointers@@@Z 00000001400187b0 f i libucrtd:output.obj
 0001:000178b0       ?force_synchronize_global_state_index@__crt_cached_ptd_host@@AEAA_KAEBV__crt_scoped_get_last_error_reset@@@Z 00000001400188b0 f i libucrtd:output.obj
 0001:000178f0       ?force_synchronize_per_thread_data@__crt_cached_ptd_host@@AEAAPEAU__acrt_ptd@@XZ 00000001400188f0 f i libucrtd:output.obj
 0001:00017950       ?get@?$c_string_character_source@D@__crt_strtox@@QEAADXZ 0000000140018950 f i libucrtd:output.obj
 0001:00017990       ?get@?$c_string_character_source@_W@__crt_strtox@@QEAA_WXZ 0000000140018990 f i libucrtd:output.obj
 0001:000179d0       ?get_current_state_index@__crt_state_management@@YA_KAEBV__crt_scoped_get_last_error_reset@@@Z 00000001400189d0 f i libucrtd:output.obj
 0001:000179e0       ?get_errno@__crt_cached_ptd_host@@QEAAAEAU?$cached@H@1@XZ 00000001400189e0 f i libucrtd:output.obj
 0001:000179f0       ?get_flags@__crt_stdio_stream@@QEBAJXZ 00000001400189f0 f i libucrtd:output.obj
 0001:00017a20       ?get_locale@__crt_cached_ptd_host@@QEAAPEAU__crt_locale_pointers@@XZ 0000000140018a20 f i libucrtd:output.obj
 0001:00017a50       ?get_raw_ptd@__crt_cached_ptd_host@@QEAAPEAU__acrt_ptd@@XZ 0000000140018a50 f i libucrtd:output.obj
 0001:00017a70       ?has_flag@?$output_processor@DV?$string_output_adapter@D@__crt_stdio_output@@V?$format_validation_base@DV?$string_output_adapter@D@__crt_stdio_output@@@2@@__crt_stdio_output@@AEBA_NI@Z 0000000140018a70 f i libucrtd:output.obj
 0001:00017ab0       ?has_flag@?$output_processor@_WV?$string_output_adapter@_W@__crt_stdio_output@@V?$format_validation_base@_WV?$string_output_adapter@_W@__crt_stdio_output@@@2@@__crt_stdio_output@@AEBA_NI@Z 0000000140018ab0 f i libucrtd:output.obj
 0001:00017af0       ?is_string_backed@__crt_stdio_stream@@QEBA_NXZ 0000000140018af0 f i libucrtd:output.obj
 0001:00017b30       ?maximum_signed_value@__crt_strtox@@YAJK@Z 0000000140018b30 f i libucrtd:output.obj
 0001:00017b40       ?minimum_signed_value@__crt_strtox@@YAJK@Z 0000000140018b40 f i libucrtd:output.obj
 0001:00017b50       ?narrow_null_string@?$output_processor@DV?$string_output_adapter@D@__crt_stdio_output@@V?$format_validation_base@DV?$string_output_adapter@D@__crt_stdio_output@@@2@@__crt_stdio_output@@CAPEADXZ 0000000140018b50 f i libucrtd:output.obj
 0001:00017b60       ?narrow_null_string@?$output_processor@_WV?$string_output_adapter@_W@__crt_stdio_output@@V?$format_validation_base@_WV?$string_output_adapter@_W@__crt_stdio_output@@@2@@__crt_stdio_output@@CAPEADXZ 0000000140018b60 f i libucrtd:output.obj
 0001:00017b70       ?parse_digit@__crt_strtox@@YAID@Z 0000000140018b70 f i libucrtd:output.obj
 0001:00017be0       ?parse_digit@__crt_strtox@@YAI_W@Z 0000000140018be0 f i libucrtd:output.obj
 0001:00017c30       ?parse_int_from_format_string@?$output_processor@DV?$string_output_adapter@D@__crt_stdio_output@@V?$format_validation_base@DV?$string_output_adapter@D@__crt_stdio_output@@@2@@__crt_stdio_output@@AEAA_NQEAH@Z 0000000140018c30 f i libucrtd:output.obj
 0001:00017d30       ?parse_int_from_format_string@?$output_processor@_WV?$string_output_adapter@_W@__crt_stdio_output@@V?$format_validation_base@_WV?$string_output_adapter@_W@__crt_stdio_output@@@2@@__crt_stdio_output@@AEAA_NQEAH@Z 0000000140018d30 f i libucrtd:output.obj
 0001:00017e30       ?process@?$output_processor@DV?$string_output_adapter@D@__crt_stdio_output@@V?$format_validation_base@DV?$string_output_adapter@D@__crt_stdio_output@@@2@@__crt_stdio_output@@QEAAHXZ 0000000140018e30 f i libucrtd:output.obj
 0001:000181f0       ?process@?$output_processor@_WV?$string_output_adapter@_W@__crt_stdio_output@@V?$format_validation_base@_WV?$string_output_adapter@_W@__crt_stdio_output@@@2@@__crt_stdio_output@@QEAAHXZ 00000001400191f0 f i libucrtd:output.obj
 0001:000185b0       ?public_stream@__crt_stdio_stream@@QEBAPEAU_iobuf@@XZ 00000001400195b0 f i libucrtd:output.obj
 0001:000185c0       ?restore_state@?$c_string_character_source@D@__crt_strtox@@QEAA_NQEBD@Z 00000001400195c0 f i libucrtd:output.obj
 0001:000185e0       ?restore_state@?$c_string_character_source@_W@__crt_strtox@@QEAA_NQEB_W@Z 00000001400195e0 f i libucrtd:output.obj
 0001:00018600       ?save_state@?$c_string_character_source@D@__crt_strtox@@QEBAPEBDXZ 0000000140019600 f i libucrtd:output.obj
 0001:00018610       ?save_state@?$c_string_character_source@_W@__crt_strtox@@QEBAPEB_WXZ 0000000140019610 f i libucrtd:output.obj
 0001:00018620       ?set@?$cached@H@__crt_cached_ptd_host@@QEAAHH@Z 0000000140019620 f i libucrtd:output.obj
 0001:00018650       ?set_flag@?$output_processor@DV?$string_output_adapter@D@__crt_stdio_output@@V?$format_validation_base@DV?$string_output_adapter@D@__crt_stdio_output@@@2@@__crt_stdio_output@@AEAAXI@Z 0000000140019650 f i libucrtd:output.obj
 0001:00018670       ?set_flag@?$output_processor@_WV?$string_output_adapter@_W@__crt_stdio_output@@V?$format_validation_base@_WV?$string_output_adapter@_W@__crt_stdio_output@@@2@@__crt_stdio_output@@AEAAXI@Z 0000000140019670 f i libucrtd:output.obj
 0001:00018690       ?should_format@?$standard_base@DV?$string_output_adapter@D@__crt_stdio_output@@@__crt_stdio_output@@IEAA_NXZ 0000000140019690 f i libucrtd:output.obj
 0001:000186a0       ?should_format@?$standard_base@_WV?$string_output_adapter@_W@__crt_stdio_output@@@__crt_stdio_output@@IEAA_NXZ 00000001400196a0 f i libucrtd:output.obj
 0001:000186b0       ?should_skip_normal_state_processing@?$standard_base@DV?$string_output_adapter@D@__crt_stdio_output@@@__crt_stdio_output@@IEAA_NXZ 00000001400196b0 f i libucrtd:output.obj
 0001:000186c0       ?should_skip_normal_state_processing@?$standard_base@_WV?$string_output_adapter@_W@__crt_stdio_output@@@__crt_stdio_output@@IEAA_NXZ 00000001400196c0 f i libucrtd:output.obj
 0001:000186d0       ?should_skip_type_state_output@?$standard_base@DV?$string_output_adapter@D@__crt_stdio_output@@@__crt_stdio_output@@IEBA_NXZ 00000001400196d0 f i libucrtd:output.obj
 0001:000186e0       ?should_skip_type_state_output@?$standard_base@_WV?$string_output_adapter@_W@__crt_stdio_output@@@__crt_stdio_output@@IEBA_NXZ 00000001400196e0 f i libucrtd:output.obj
 0001:000186f0       ?state_case_dot@?$output_processor@DV?$string_output_adapter@D@__crt_stdio_output@@V?$format_validation_base@DV?$string_output_adapter@D@__crt_stdio_output@@@2@@__crt_stdio_output@@AEAA_NXZ 00000001400196f0 f i libucrtd:output.obj
 0001:00018710       ?state_case_dot@?$output_processor@_WV?$string_output_adapter@_W@__crt_stdio_output@@V?$format_validation_base@_WV?$string_output_adapter@_W@__crt_stdio_output@@@2@@__crt_stdio_output@@AEAA_NXZ 0000000140019710 f i libucrtd:output.obj
 0001:00018730       ?state_case_flag@?$output_processor@DV?$string_output_adapter@D@__crt_stdio_output@@V?$format_validation_base@DV?$string_output_adapter@D@__crt_stdio_output@@@2@@__crt_stdio_output@@AEAA_NXZ 0000000140019730 f i libucrtd:output.obj
 0001:000187d0       ?state_case_flag@?$output_processor@_WV?$string_output_adapter@_W@__crt_stdio_output@@V?$format_validation_base@_WV?$string_output_adapter@_W@__crt_stdio_output@@@2@@__crt_stdio_output@@AEAA_NXZ 00000001400197d0 f i libucrtd:output.obj
 0001:00018870       ?state_case_normal@?$output_processor@DV?$string_output_adapter@D@__crt_stdio_output@@V?$format_validation_base@DV?$string_output_adapter@D@__crt_stdio_output@@@2@@__crt_stdio_output@@AEAA_NXZ 0000000140019870 f i libucrtd:output.obj
 0001:00018970       ?state_case_normal@?$output_processor@_WV?$string_output_adapter@_W@__crt_stdio_output@@V?$format_validation_base@_WV?$string_output_adapter@_W@__crt_stdio_output@@@2@@__crt_stdio_output@@AEAA_NXZ 0000000140019970 f i libucrtd:output.obj
[...]
 0005:00004010       __guard_xfg??0scoped_fp_state_reset@?A0x71ca7cfb@@QEAA@XZ 000000014005f010     libucrtd:cfout.obj
 0005:00004020       __guard_xfg??1scoped_fp_state_reset@?A0x71ca7cfb@@QEAA@XZ 000000014005f020     libucrtd:cfout.obj
 0005:00004030       __guard_xfg??$convert_to_fos_high_precision@N@@YA?AW4__acrt_has_trailing_digits@@NIW4__acrt_precision_style@@QEAHQEAD_K@Z 000000014005f030     libucrtd:cfout.obj
 0005:00004040       __guard_xfgfegetround      000000014005f040     libucrtd:fegetround.obj
 0005:00004050       __guard_xfg?__c32rtomb_utf8@__crt_mbstring@@YA_KPEAD_UPEAU_Mbstatet@@AEAV__crt_cached_ptd_host@@@Z 000000014005f050     libucrtd:c32rtomb.obj
 0005:00004060       __guard_xfg?__mbrtowc_utf8@__crt_mbstring@@YA_KPEA_WPEBD_KPEAU_Mbstatet@@AEAV__crt_cached_ptd_host@@@Z 000000014005f060     libucrtd:mbrtowc.obj
 0005:00004070       __guard_xfg?__mbsrtowcs_utf8@__crt_mbstring@@YA_KPEA_WPEAPEBD_KPEAU_Mbstatet@@AEAV__crt_cached_ptd_host@@@Z 000000014005f070     libucrtd:mbrtowc.obj
 0005:00004080       __guard_xfg??R<lambda_599026849492e2a71b24cce8b46aab16>@@QEBA_KPEBD@Z 000000014005f080     libucrtd:mbrtowc.obj
 0005:00004090       __guard_xfg_fcloseall      000000014005f090     libucrtd:closeall.obj
 0005:000040a0       __guard_xfg?is_in_use@__crt_stdio_stream@@QEBA_NXZ 000000014005f0a0     libucrtd:closeall.obj
 0005:000040b0       __guard_xfg?has_crt_buffer@__crt_stdio_stream@@QEBA_NXZ 000000014005f0b0     libucrtd:_freebuf.obj
 0005:000040c0       __guard_xfg__acrt_stdio_free_buffer_nolock 000000014005f0c0     libucrtd:_freebuf.obj
 0005:000040d0       __guard_xfg__strncnt       000000014005f0d0     libucrtd:strncnt.obj
 0005:000040e0       __guard_xfg_commit         000000014005f0e0     libucrtd:commit.obj
 0005:000040f0       __guard_xfg??R<lambda_3e4146214822e0ea86c47ff907aef2ff>@@QEBAHXZ 000000014005f0f0     libucrtd:commit.obj
 0005:00004100       __guard_xfg??0<lambda_3e4146214822e0ea86c47ff907aef2ff>@@QEAA@AEBH@Z 000000014005f100     libucrtd:commit.obj
 0005:00004110       __guard_xfg??$__acrt_lowio_lock_fh_and_call@V<lambda_3e4146214822e0ea86c47ff907aef2ff>@@@@YAHH$$QEAV<lambda_3e4146214822e0ea86c47ff907aef2ff>@@@Z 000000014005f110     libucrtd:commit.obj
 0005:00004120       __guard_xfg??R<lambda_7d29013d608e9f25a034de83c9b9e983>@@QEBAXXZ 000000014005f120     libucrtd:commit.obj
 0005:00004130       __guard_xfg??0<lambda_7d29013d608e9f25a034de83c9b9e983>@@QEAA@AEBH@Z 000000014005f130     libucrtd:commit.obj
 0005:00004140       __guard_xfg??R<lambda_b869e5a4e1069fcb5c3da79c0d999133>@@QEBAXXZ 000000014005f140     libucrtd:commit.obj
 0005:00004150       __guard_xfg??0<lambda_b869e5a4e1069fcb5c3da79c0d999133>@@QEAA@AEBH@Z 000000014005f150     libucrtd:commit.obj
 0005:00004160       __guard_xfg??$?RV<lambda_7d29013d608e9f25a034de83c9b9e983>@@AEAV<lambda_3e4146214822e0ea86c47ff907aef2ff>@@V<lambda_b869e5a4e1069fcb5c3da79c0d999133>@@@?$__crt_seh_guarded_call@H@@QEAAH$$QEAV<lambda_7d29013d608e9f25a034de83c9b9e983>@@AEAV<lambda_3e4146214822e0ea86c47ff907aef2ff>@@$$QEAV<lambda_b869e5a4e1069fcb5c3da79c0d999133>@@@Z 000000014005f160     libucrtd:commit.obj
 0005:00004170       __guard_xfg_utf8_no_of_trailbytes 000000014005f170     libucrtd:write.obj
 0005:00004180       __guard_xfg_write_nolock   000000014005f180     libucrtd:write.obj
 0005:00004190       __guard_xfg_write_internal 000000014005f190     libucrtd:write.obj
 0005:000041a0       __guard_xfg?write_requires_double_translation_nolock@@YA_NHAEAV__crt_cached_ptd_host@@@Z 000000014005f1a0     libucrtd:write.obj
 0005:000041b0       __guard_xfg?write_double_translated_ansi_nolock@@YA?AUwrite_result@?A0x17268360@@HQEBDIAEAV__crt_cached_ptd_host@@@Z 000000014005f1b0     libucrtd:write.obj
 0005:000041c0       __guard_xfg?write_double_translated_unicode_nolock@@YA?AUwrite_result@?A0x17268360@@QEBDI@Z 000000014005f1c0     libucrtd:write.obj
 0005:000041d0       __guard_xfg?write_text_ansi_nolock@@YA?AUwrite_result@?A0x17268360@@HQEBDI@Z 000000014005f1d0     libucrtd:write.obj
 0005:000041e0       __guard_xfg?write_text_utf16le_nolock@@YA?AUwrite_result@?A0x17268360@@HQEBDI@Z 000000014005f1e0     libucrtd:write.obj
 0005:000041f0       __guard_xfg?write_text_utf8_nolock@@YA?AUwrite_result@?A0x17268360@@HQEBDI@Z 000000014005f1f0     libucrtd:write.obj
 0005:00004200       __guard_xfg?write_binary_nolock@@YA?AUwrite_result@?A0x17268360@@HQEBDI@Z 000000014005f200     libucrtd:write.obj
 0005:00004210       __guard_xfg?__wcsrtombs_utf8@__crt_mbstring@@YA_KPEADPEAPEB_W_KPEAU_Mbstatet@@AEAV__crt_cached_ptd_host@@@Z 000000014005f210     libucrtd:wcrtomb.obj
 0005:00004220       __guard_xfgceil            000000014005f220     libucrtd:ceil.obj
 0005:00004230       __guard_xfg_controlfp_s    000000014005f230     libucrtd:contrlfp.obj
 0005:00004240       __guard_xfgfegetenv        000000014005f240     libucrtd:fegetenv.obj
 0005:00004250       __guard_xfgfesetenv        000000014005f250     libucrtd:fesetenv.obj
 0005:00004260       __guard_xfgfeholdexcept    000000014005f260     libucrtd:feholdexcept.obj
 0005:00004270       __guard_xfg??U@YA?AW4__acrt_fenv_abstract_status@@W40@0@Z 000000014005f270     libucrtd:_fenvutils.obj
 0005:00004280       __guard_xfg??_5@YAAEAW4__acrt_fenv_abstract_status@@AEAW40@W40@@Z 000000014005f280     libucrtd:_fenvutils.obj
 0005:00004290       __guard_xfg??I@YA?AW4__acrt_fenv_abstract_status@@W40@0@Z 000000014005f290     libucrtd:_fenvutils.obj
 0005:000042a0       __guard_xfg??$__acrt_fenv_shift_bits@W4__acrt_fenv_abstract_status@@@@YA?AW4__acrt_fenv_abstract_status@@W40@0I@Z 000000014005f2a0     libucrtd:_fenvutils.obj
 0005:000042b0       __guard_xfg??$__acrt_fenv_unshift_bits@W4__acrt_fenv_abstract_status@@@@YA?AW4__acrt_fenv_abstract_status@@W40@0I@Z 000000014005f2b0     libucrtd:_fenvutils.obj
 0005:000042c0       __guard_xfg?__acrt_fenv_shift_abstract_sse_status@@YA?AW4__acrt_fenv_abstract_status@@W41@@Z 000000014005f2c0     libucrtd:_fenvutils.obj
 0005:000042d0       __guard_xfg?__acrt_fenv_unshift_abstract_sse_status@@YA?AW4__acrt_fenv_abstract_status@@W41@@Z 000000014005f2d0     libucrtd:_fenvutils.obj
 0005:000042e0       __guard_xfg??_5@YAAEAW4__acrt_fenv_machine_sse_status@@AEAW40@W40@@Z 000000014005f2e0     libucrtd:_fenvutils.obj
 0005:000042f0       __guard_xfg??I@YA?AW4__acrt_fenv_machine_sse_status@@W40@0@Z 000000014005f2f0     libucrtd:_fenvutils.obj
 0005:00004300       __guard_xfg??U@YA?AW4__acrt_fenv_abstract_control@@W40@0@Z 000000014005f300     libucrtd:_fenvutils.obj
 0005:00004310       __guard_xfg??_5@YAAEAW4__acrt_fenv_abstract_control@@AEAW40@W40@@Z 000000014005f310     libucrtd:_fenvutils.obj
 0005:00004320       __guard_xfg??I@YA?AW4__acrt_fenv_abstract_control@@W40@0@Z 000000014005f320     libucrtd:_fenvutils.obj
 0005:00004330       __guard_xfg??$__acrt_fenv_shift_bits@W4__acrt_fenv_abstract_control@@@@YA?AW4__acrt_fenv_abstract_control@@W40@0I@Z 000000014005f330     libucrtd:_fenvutils.obj
 0005:00004340       __guard_xfg??$__acrt_fenv_unshift_bits@W4__acrt_fenv_abstract_control@@@@YA?AW4__acrt_fenv_abstract_control@@W40@0I@Z 000000014005f340     libucrtd:_fenvutils.obj
 0005:00004350       __guard_xfg?__acrt_fenv_shift_abstract_sse_control@@YA?AW4__acrt_fenv_abstract_control@@W41@@Z 000000014005f350     libucrtd:_fenvutils.obj
 0005:00004360       __guard_xfg?__acrt_fenv_unshift_abstract_sse_control@@YA?AW4__acrt_fenv_abstract_control@@W41@@Z 000000014005f360     libucrtd:_fenvutils.obj
 0005:00004370       __guard_xfg??U@YA?AW4__acrt_fenv_machine_sse_control@@W40@0@Z 000000014005f370     libucrtd:_fenvutils.obj
 0005:00004380       __guard_xfg??_5@YAAEAW4__acrt_fenv_machine_sse_control@@AEAW40@W40@@Z 000000014005f380     libucrtd:_fenvutils.obj
 0005:00004390       __guard_xfg??I@YA?AW4__acrt_fenv_machine_sse_control@@W40@0@Z 000000014005f390     libucrtd:_fenvutils.obj
 0005:000043a0       __guard_xfg__acrt_fenv_get_status 000000014005f3a0     libucrtd:_fenvutils.obj
 0005:000043b0       __guard_xfg__acrt_fenv_set_status 000000014005f3b0     libucrtd:_fenvutils.obj
 0005:000043c0       __guard_xfg__acrt_fenv_get_control 000000014005f3c0     libucrtd:_fenvutils.obj
 0005:000043d0       __guard_xfg__acrt_fenv_set_control 000000014005f3d0     libucrtd:_fenvutils.obj
 0005:000043e0       __guard_xfg__acrt_fenv_get_common_round_control 000000014005f3e0     libucrtd:_fenvutils.obj
 0005:000043f0       __guard_xfg?to_machine_sse_status@@YA?AW4__acrt_fenv_machine_sse_status@@W4__acrt_fenv_abstract_status@@@Z 000000014005f3f0     libucrtd:_fenvutils.obj
 0005:00004400       __guard_xfg??$translate_status@W4__acrt_fenv_machine_sse_status@@W4__acrt_fenv_abstract_status@@@@YA?AW4__acrt_fenv_machine_sse_status@@W4__acrt_fenv_abstract_status@@@Z 000000014005f400     libucrtd:_fenvutils.obj
 0005:00004410       __guard_xfg?translate_control_denormal_control_to_sse@@YA?AW4__acrt_fenv_machine_sse_control@@W4__acrt_fenv_abstract_control@@@Z 000000014005f410     libucrtd:_fenvutils.obj
 0005:00004420       __guard_xfg?translate_control_denormal_control_from_sse@@YA?AW4__acrt_fenv_abstract_control@@W4__acrt_fenv_machine_sse_control@@@Z 000000014005f420     libucrtd:_fenvutils.obj
 0005:00004430       __guard_xfg?to_abstract_control@@YA?AW4__acrt_fenv_abstract_control@@W4__acrt_fenv_machine_sse_control@@@Z 000000014005f430     libucrtd:_fenvutils.obj
 0005:00004440       __guard_xfg??$translate_control_exception_mask@W4__acrt_fenv_abstract_control@@W4__acrt_fenv_machine_sse_control@@@@YA?AW4__acrt_fenv_abstract_control@@W4__acrt_fenv_machine_sse_control@@@Z 000000014005f440     libucrtd:_fenvutils.obj
 0005:00004450       __guard_xfg??$translate_control_rounding_control@W4__acrt_fenv_abstract_control@@W4__acrt_fenv_machine_sse_control@@@@YA?AW4__acrt_fenv_abstract_control@@W4__acrt_fenv_machine_sse_control@@@Z 000000014005f450     libucrtd:_fenvutils.obj
 0005:00004460       __guard_xfg?to_machine_sse_control@@YA?AW4__acrt_fenv_machine_sse_control@@W4__acrt_fenv_abstract_control@@@Z 000000014005f460     libucrtd:_fenvutils.obj
 0005:00004470       __guard_xfg??$translate_control_exception_mask@W4__acrt_fenv_machine_sse_control@@W4__acrt_fenv_abstract_control@@@@YA?AW4__acrt_fenv_machine_sse_control@@W4__acrt_fenv_abstract_control@@@Z 000000014005f470     libucrtd:_fenvutils.obj
 0005:00004480       __guard_xfg??$translate_control_rounding_control@W4__acrt_fenv_machine_sse_control@@W4__acrt_fenv_abstract_control@@@@YA?AW4__acrt_fenv_machine_sse_control@@W4__acrt_fenv_abstract_control@@@Z 000000014005f480     libucrtd:_fenvutils.obj
 0005:00004490       __guard_xfg?get_machine_sse_status@@YA?AW4__acrt_fenv_machine_sse_status@@XZ 000000014005f490     libucrtd:_fenvutils.obj
 0005:000044a0       __guard_xfg?set_machine_sse_status@@YAXW4__acrt_fenv_machine_sse_status@@@Z 000000014005f4a0     libucrtd:_fenvutils.obj
 0005:000044b0       __guard_xfg?get_machine_sse_control@@YA?AW4__acrt_fenv_machine_sse_control@@XZ 000000014005f4b0     libucrtd:_fenvutils.obj
 0005:000044c0       __guard_xfg?set_machine_sse_control@@YAXW4__acrt_fenv_machine_sse_control@@@Z 000000014005f4c0     libucrtd:_fenvutils.obj
 0005:000044d0       __guard_xfg??$to_abstract_status@W4__acrt_fenv_machine_sse_status@@@@YA?AW4__acrt_fenv_abstract_status@@W4__acrt_fenv_machine_sse_status@@@Z 000000014005f4d0     libucrtd:_fenvutils.obj
 0005:000044e0       __guard_xfg??$__acrt_fenv_translate_bit@W4__acrt_fenv_machine_sse_status@@W4__acrt_fenv_abstract_status@@@@YA?AW4__acrt_fenv_machine_sse_status@@W4__acrt_fenv_abstract_status@@0W40@1@Z 000000014005f4e0     libucrtd:_fenvutils.obj
 0005:000044f0       __guard_xfg??$__acrt_fenv_translate_bit@W4__acrt_fenv_abstract_control@@W4__acrt_fenv_machine_sse_control@@@@YA?AW4__acrt_fenv_abstract_control@@W4__acrt_fenv_machine_sse_control@@0W40@1@Z 000000014005f4f0     libucrtd:_fenvutils.obj
 0005:00004500       __guard_xfg??$__acrt_fenv_translate_bit@W4__acrt_fenv_machine_sse_control@@W4__acrt_fenv_abstract_control@@@@YA?AW4__acrt_fenv_machine_sse_control@@W4__acrt_fenv_abstract_control@@0W40@1@Z 000000014005f500     libucrtd:_fenvutils.obj
 0005:00004510       __guard_xfg??$translate_status@W4__acrt_fenv_abstract_status@@W4__acrt_fenv_machine_sse_status@@@@YA?AW4__acrt_fenv_abstract_status@@W4__acrt_fenv_machine_sse_status@@@Z 000000014005f510     libucrtd:_fenvutils.obj
 0005:00004520       __guard_xfg??$__acrt_fenv_translate_bit@W4__acrt_fenv_abstract_status@@W4__acrt_fenv_machine_sse_status@@@@YA?AW4__acrt_fenv_abstract_status@@W4__acrt_fenv_machine_sse_status@@0W40@1@Z 000000014005f520     libucrtd:_fenvutils.obj
 0005:00004530       __guard_xfg?return_illegal_sequence@__crt_mbstring@@YA_KPEAU_Mbstatet@@AEAV__crt_cached_ptd_host@@@Z 000000014005f530     libucrtd:common_utf8.obj
 0005:00004540       __guard_xfg?reset_and_return@__crt_mbstring@@YA_K_KPEAU_Mbstatet@@@Z 000000014005f540     libucrtd:common_utf8.obj
 0005:00004550       __guard_xfg?__mbrtoc32_utf8@__crt_mbstring@@YA_KPEA_UPEBD_KPEAU_Mbstatet@@AEAV__crt_cached_ptd_host@@@Z 000000014005f550     libucrtd:mbrtoc32.obj
 0005:00004560       __guard_xfgfclose          000000014005f560     libucrtd:fclose.obj
 0005:00004570       __guard_xfg?_fclose_nolock_internal@@YAHQEAU_iobuf@@AEAV__crt_cached_ptd_host@@@Z 000000014005f570     libucrtd:fclose.obj
 0005:00004580       __guard_xfg?_fclose_internal@@YAHQEAU_iobuf@@AEAV__crt_cached_ptd_host@@@Z 000000014005f580     libucrtd:fclose.obj
 0005:00004590       __guard_xfg_lseeki64_nolock_internal 000000014005f590     libucrtd:lseek.obj
 0005:000045a0       __guard_xfg?common_lseek_do_seek_nolock@@YA_JQEAX_JHAEAV__crt_cached_ptd_host@@@Z 000000014005f5a0     libucrtd:lseek.obj
 0005:000045b0       __guard_xfg??$common_lseek_nolock@_J@@YA_JH_JHAEAV__crt_cached_ptd_host@@@Z 000000014005f5b0     libucrtd:lseek.obj
 0005:000045c0       __guard_xfg_putwch_nolock  000000014005f5c0     libucrtd:putwch.obj
 0005:000045d0       __guard_xfg?__c16rtomb_utf8@__crt_mbstring@@YA_KPEAD_SPEAU_Mbstatet@@AEAV__crt_cached_ptd_host@@@Z 000000014005f5d0     libucrtd:c16rtomb.obj
 0005:000045e0       __guard_xfg?store_first_surrogate@?A0xc60ee810@@YAX_SPEAU_Mbstatet@@@Z 000000014005f5e0     libucrtd:c16rtomb.obj
 0005:000045f0       __guard_xfg?combine_second_surrogate@?A0xc60ee810@@YA_U_SPEAU_Mbstatet@@@Z 000000014005f5f0     libucrtd:c16rtomb.obj
 0005:00004600       __guard_xfg?has_surrogate@?A0xc60ee810@@YA_NPEAU_Mbstatet@@@Z 000000014005f600     libucrtd:c16rtomb.obj
 0005:00004610       __guard_xfg?is_first_surrogate@?A0xc60ee810@@YA_N_S@Z 000000014005f610     libucrtd:c16rtomb.obj
 0005:00004620       __guard_xfg?is_second_surrogate@?A0xc60ee810@@YA_N_S@Z 000000014005f620     libucrtd:c16rtomb.obj
 0005:00004630       __guard_xfg__acrt_initialize_fma3 000000014005f630     libucrtd:fma3_available.obj
 0005:00004640       __guard_xfg_log_special_common 000000014005f640     libucrtd:log_special.obj
 0005:00004650       __guard_xfg_log10_special  000000014005f650     libucrtd:log_special.obj
 0005:00004660       __guard_xfg_call_matherr   000000014005f660     libucrtd:libm_error.obj
 0005:00004670       __guard_xfg_exception_enabled 000000014005f670     libucrtd:libm_error.obj
 0005:00004680       __guard_xfg_handle_nan     000000014005f680     libucrtd:libm_error.obj
 0005:00004690       __guard_xfg_handle_error   000000014005f690     libucrtd:libm_error.obj
 0005:000046a0       __guard_xfg_clearfp        000000014005f6a0     libucrtd:ieee.obj
 0005:000046b0       __guard_xfg_control87      000000014005f6b0     libucrtd:ieee.obj
 0005:000046c0       __guard_xfg_abstract_sw    000000014005f6c0     libucrtd:ieee.obj
 0005:000046d0       __guard_xfg_abstract_cw    000000014005f6d0     libucrtd:ieee.obj
 0005:000046e0       __guard_xfg_hw_cw          000000014005f6e0     libucrtd:ieee.obj
 0005:000046f0       __guard_xfgcommon_control87 000000014005f6f0     libucrtd:ieee.obj
 0005:00004700       __guard_xfg_close_nolock_internal 000000014005f700     libucrtd:close.obj
 0005:00004710       __guard_xfg_close_internal 000000014005f710     libucrtd:close.obj
 0005:00004720       __guard_xfg?close_os_handle_nolock@@YAKH@Z 000000014005f720     libucrtd:close.obj
 0005:00004730       __guard_xfg??R<lambda_af29824b49a67d335554598d6cad2be6>@@QEBAHXZ 000000014005f730     libucrtd:close.obj
 0005:00004740       __guard_xfg??0<lambda_af29824b49a67d335554598d6cad2be6>@@QEAA@AEBHAEAV__crt_cached_ptd_host@@@Z 000000014005f740     libucrtd:close.obj
 0005:00004750       __guard_xfg??$__acrt_lowio_lock_fh_and_call@V<lambda_af29824b49a67d335554598d6cad2be6>@@@@YAHH$$QEAV<lambda_af29824b49a67d335554598d6cad2be6>@@@Z 000000014005f750     libucrtd:close.obj
 0005:00004760       __guard_xfg??R<lambda_19eaff14c5fe7be5b1b106a862eb1091>@@QEBAXXZ 000000014005f760     libucrtd:close.obj
 0005:00004770       __guard_xfg??0<lambda_19eaff14c5fe7be5b1b106a862eb1091>@@QEAA@AEBH@Z 000000014005f770     libucrtd:close.obj
 0005:00004780       __guard_xfg??R<lambda_3ce37f5b621ab310299ea5f68cbdf3bb>@@QEBAXXZ 000000014005f780     libucrtd:close.obj
 0005:00004790       __guard_xfg??0<lambda_3ce37f5b621ab310299ea5f68cbdf3bb>@@QEAA@AEBH@Z 000000014005f790     libucrtd:close.obj
 0005:000047a0       __guard_xfg??$?RV<lambda_19eaff14c5fe7be5b1b106a862eb1091>@@AEAV<lambda_af29824b49a67d335554598d6cad2be6>@@V<lambda_3ce37f5b621ab310299ea5f68cbdf3bb>@@@?$__crt_seh_guarded_call@H@@QEAAH$$QEAV<lambda_19eaff14c5fe7be5b1b106a862eb1091>@@AEAV<lambda_af29824b49a67d335554598d6cad2be6>@@$$QEAV<lambda_3ce37f5b621ab310299ea5f68cbdf3bb>@@@Z 000000014005f7a0     libucrtd:close.obj
 0005:000047b0       __guard_xfg?deallocate@__crt_stdio_stream@@QEAAXXZ 000000014005f7b0     libucrtd:stream.obj
 0005:000047c0       __guard_xfg?__acrt_stdio_free_stream@@YAXV__crt_stdio_stream@@@Z 000000014005f7c0     libucrtd:stream.obj
 0005:000047d0       __guard_xfg__dcrt_lowio_ensure_console_output_initialized 000000014005f7d0     libucrtd:initcon.obj
 0005:000047e0       __guard_xfg__dcrt_write_console 000000014005f7e0     libucrtd:initcon.obj
 0005:000047f0       __guard_xfg?__dcrt_lowio_initialize_console_output@@YAXXZ 000000014005f7f0     libucrtd:initcon.obj
 0005:00004800       __guard_xfg__dcrt_terminate_console_output 000000014005f800     libucrtd:initcon.obj
 0005:00004810       __guard_xfg??R<lambda_61c1b8a38cedca4df5fdc542e6ccae6d>@@QEBAHXZ 000000014005f810     libucrtd:initcon.obj
 0005:00004820       __guard_xfg??0<lambda_61c1b8a38cedca4df5fdc542e6ccae6d>@@QEAA@AEBQEBXAEBKAEBQEAK@Z 000000014005f820     libucrtd:initcon.obj
 0005:00004830       __guard_xfg??$console_output_reopen_and_retry@V<lambda_61c1b8a38cedca4df5fdc542e6ccae6d>@@@@YAHAEBV<lambda_61c1b8a38cedca4df5fdc542e6ccae6d>@@@Z 000000014005f830     libucrtd:initcon.obj
 0005:00004840       __guard_xfg_set_errno_from_matherr 000000014005f840     libucrtd:fpexcept.obj
 0005:00004850       __guard_xfg_raise_exc      000000014005f850     libucrtd:fpexcept.obj
 0005:00004860       __guard_xfg_raise_exc_ex   000000014005f860     libucrtd:fpexcept.obj
 0005:00004870       __guard_xfg_clrfp          000000014005f870     libucrtd:fpctrl.obj
 0005:00004880       __guard_xfg_ctrlfp         000000014005f880     libucrtd:fpctrl.obj
 0005:00004890       __guard_xfg_statfp         000000014005f890     libucrtd:fpctrl.obj
 0005:000048a0       __guard_xfg_set_statfp     000000014005f8a0     libucrtd:fpctrl.obj
 0006:00000000       __guard_ehcont_??R<lambda_6e4b09c48022b2350581041d5f6b0c4c>@@QEBA@XZ 0000000140060000     libucrtd:exit.obj
 0006:00000004       __guard_ehcont_terminate   0000000140060004     libucrtd:terminate.obj
 0006:00000008       __guard_ehcont_?is_bad_read_pointer@@YA_NQEBX_K@Z 0000000140060008     libucrtd:debug_heap.obj
 0006:0000000c       __guard_ehcont_common_control87 000000014006000c     libucrtd:ieee.obj
 0006:00000010       __guard_ehcont__ctrlfp     0000000140060010     libucrtd:fpctrl.obj
